Component: Arm Compiler for Embedded 6.24 Tool: armlink [5f371500]

==============================================================================

Section Cross References

    ov9655.o(.text.ov9655_Init) refers to stm32746g_discovery.o(.text.CAMERA_IO_Init) for CAMERA_IO_Init
    ov9655.o(.text.ov9655_Init) refers to stm32746g_discovery.o(.text.CAMERA_IO_Write) for CAMERA_IO_Write
    ov9655.o(.text.ov9655_Init) refers to stm32746g_discovery.o(.text.CAMERA_Delay) for CAMERA_Delay
    ov9655.o(.text.ov9655_Init) refers to ov9655.o(.text.OUTLINED_FUNCTION_0) for OUTLINED_FUNCTION_0
    ov9655.o(.text.ov9655_Init) refers to ov9655.o(.rodata.OV9655_VGA) for OV9655_VGA
    ov9655.o(.text.ov9655_Init) refers to ov9655.o(.rodata.OV9655_QVGA) for OV9655_QVGA
    ov9655.o(.text.ov9655_Init) refers to ov9655.o(.rodata.OV9655_QQVGA) for OV9655_QQVGA
    ov9655.o(.ARM.exidx.text.ov9655_Init) refers to ov9655.o(.text.ov9655_Init) for [Anonymous Symbol]
    ov9655.o(.text.ov9655_ReadID) refers to stm32746g_discovery.o(.text.CAMERA_IO_Init) for CAMERA_IO_Init
    ov9655.o(.text.ov9655_ReadID) refers to stm32746g_discovery.o(.text.CAMERA_IO_Read) for CAMERA_IO_Read
    ov9655.o(.ARM.exidx.text.ov9655_ReadID) refers to ov9655.o(.text.ov9655_ReadID) for [Anonymous Symbol]
    ov9655.o(.text.ov9655_Config) refers to ov9655.o(.text.ov9655_ConvertValue) for ov9655_ConvertValue
    ov9655.o(.text.ov9655_Config) refers to stm32746g_discovery.o(.text.CAMERA_IO_Write) for CAMERA_IO_Write
    ov9655.o(.ARM.exidx.text.ov9655_Config) refers to ov9655.o(.text.ov9655_Config) for [Anonymous Symbol]
    ov9655.o(.ARM.exidx.text.ov9655_ConvertValue) refers to ov9655.o(.text.ov9655_ConvertValue) for [Anonymous Symbol]
    ov9655.o(.text.OUTLINED_FUNCTION_0) refers to stm32746g_discovery.o(.text.CAMERA_IO_Write) for CAMERA_IO_Write
    ov9655.o(.ARM.exidx.text.OUTLINED_FUNCTION_0) refers to ov9655.o(.text.OUTLINED_FUNCTION_0) for [Anonymous Symbol]
    ov9655.o(.data.ov9655_drv) refers to ov9655.o(.text.ov9655_Init) for ov9655_Init
    ov9655.o(.data.ov9655_drv) refers to ov9655.o(.text.ov9655_ReadID) for ov9655_ReadID
    ov9655.o(.data.ov9655_drv) refers to ov9655.o(.text.ov9655_Config) for ov9655_Config
    ft5336.o(.text.ft5336_Init) refers to stm32746g_discovery.o(.text.TS_IO_Delay) for TS_IO_Delay
    ft5336.o(.text.ft5336_Init) refers to ft5336.o(.text.ft5336_I2C_InitializeIfRequired) for ft5336_I2C_InitializeIfRequired
    ft5336.o(.ARM.exidx.text.ft5336_Init) refers to ft5336.o(.text.ft5336_Init) for [Anonymous Symbol]
    ft5336.o(.text.ft5336_ReadID) refers to ft5336.o(.text.ft5336_I2C_InitializeIfRequired) for ft5336_I2C_InitializeIfRequired
    ft5336.o(.text.ft5336_ReadID) refers to stm32746g_discovery.o(.text.TS_IO_Read) for TS_IO_Read
    ft5336.o(.ARM.exidx.text.ft5336_ReadID) refers to ft5336.o(.text.ft5336_ReadID) for [Anonymous Symbol]
    ft5336.o(.ARM.exidx.text.ft5336_Reset) refers to ft5336.o(.text.ft5336_Reset) for [Anonymous Symbol]
    ft5336.o(.text.ft5336_TS_Start) refers to ft5336.o(.text.ft5336_TS_DisableIT) for ft5336_TS_DisableIT
    ft5336.o(.ARM.exidx.text.ft5336_TS_Start) refers to ft5336.o(.text.ft5336_TS_Start) for [Anonymous Symbol]
    ft5336.o(.text.ft5336_TS_DetectTouch) refers to stm32746g_discovery.o(.text.TS_IO_Read) for TS_IO_Read
    ft5336.o(.text.ft5336_TS_DetectTouch) refers to ft5336.o(.text.OUTLINED_FUNCTION_2) for OUTLINED_FUNCTION_2
    ft5336.o(.text.ft5336_TS_DetectTouch) refers to ft5336.o(.bss..L_MergedGlobals) for [Anonymous Symbol]
    ft5336.o(.ARM.exidx.text.ft5336_TS_DetectTouch) refers to ft5336.o(.text.ft5336_TS_DetectTouch) for [Anonymous Symbol]
    ft5336.o(.text.ft5336_TS_GetXY) refers to ft5336.o(.text.OUTLINED_FUNCTION_1) for OUTLINED_FUNCTION_1
    ft5336.o(.text.ft5336_TS_GetXY) refers to ft5336.o(.text.OUTLINED_FUNCTION_0) for OUTLINED_FUNCTION_0
    ft5336.o(.text.ft5336_TS_GetXY) refers to ft5336.o(.bss..L_MergedGlobals) for [Anonymous Symbol]
    ft5336.o(.text.ft5336_TS_GetXY) refers to stm32746g_discovery.o(.text.TS_IO_Read) for TS_IO_Read
    ft5336.o(.ARM.exidx.text.ft5336_TS_GetXY) refers to ft5336.o(.text.ft5336_TS_GetXY) for [Anonymous Symbol]
    ft5336.o(.text.ft5336_TS_EnableIT) refers to stm32746g_discovery.o(.text.TS_IO_Write) for TS_IO_Write
    ft5336.o(.ARM.exidx.text.ft5336_TS_EnableIT) refers to ft5336.o(.text.ft5336_TS_EnableIT) for [Anonymous Symbol]
    ft5336.o(.ARM.exidx.text.ft5336_TS_ClearIT) refers to ft5336.o(.text.ft5336_TS_ClearIT) for [Anonymous Symbol]
    ft5336.o(.ARM.exidx.text.ft5336_TS_ITStatus) refers to ft5336.o(.text.ft5336_TS_ITStatus) for [Anonymous Symbol]
    ft5336.o(.text.ft5336_TS_DisableIT) refers to stm32746g_discovery.o(.text.TS_IO_Write) for TS_IO_Write
    ft5336.o(.ARM.exidx.text.ft5336_TS_DisableIT) refers to ft5336.o(.text.ft5336_TS_DisableIT) for [Anonymous Symbol]
    ft5336.o(.text.ft5336_I2C_InitializeIfRequired) refers to stm32746g_discovery.o(.text.TS_IO_Init) for TS_IO_Init
[...]
    stm32746g_discovery_lcd.o(.ARM.exidx.text.OUTLINED_FUNCTION_7) refers to stm32746g_discovery_lcd.o(.text.OUTLINED_FUNCTION_7) for [Anonymous Symbol]
    stm32746g_discovery_lcd.o(.ARM.exidx.text.OUTLINED_FUNCTION_8) refers to stm32746g_discovery_lcd.o(.text.OUTLINED_FUNCTION_8) for [Anonymous Symbol]
    stm32746g_discovery_lcd.o(.ARM.exidx.text.OUTLINED_FUNCTION_9) refers to stm32746g_discovery_lcd.o(.text.OUTLINED_FUNCTION_9) for [Anonymous Symbol]
    stm32746g_discovery_lcd.o(.data.Font24) refers to stm32746g_discovery_lcd.o(.rodata.Font24_Table) for Font24_Table
    stm32746g_discovery_lcd.o(.data.Font20) refers to stm32746g_discovery_lcd.o(.rodata.Font20_Table) for Font20_Table
    stm32746g_discovery_lcd.o(.data.Font16) refers to stm32746g_discovery_lcd.o(.rodata.Font16_Table) for Font16_Table
    stm32746g_discovery_lcd.o(.data.Font12) refers to stm32746g_discovery_lcd.o(.rodata.Font12_Table) for Font12_Table
    stm32746g_discovery_lcd.o(.data.Font8) refers to stm32746g_discovery_lcd.o(.rodata.Font8_Table) for Font8_Table
    stm32746g_discovery.o(.ARM.exidx.text.BSP_GetVersion) refers to stm32746g_discovery.o(.text.BSP_GetVersion) for [Anonymous Symbol]
    stm32746g_discovery.o(.text.BSP_LED_Init) refers to stm32f7xx_hal_gpio.o(.text.HAL_GPIO_Init) for HAL_GPIO_Init
    stm32746g_discovery.o(.text.BSP_LED_Init) refers to stm32f7xx_hal_gpio.o(.text.HAL_GPIO_WritePin) for HAL_GPIO_WritePin
    stm32746g_discovery.o(.ARM.exidx.text.BSP_LED_Init) refers to stm32746g_discovery.o(.text.BSP_LED_Init) for [Anonymous Symbol]
    stm32746g_discovery.o(.text.BSP_LED_DeInit) refers to stm32f7xx_hal_gpio.o(.text.HAL_GPIO_WritePin) for HAL_GPIO_WritePin
    stm32746g_discovery.o(.text.BSP_LED_DeInit) refers to stm32f7xx_hal_gpio.o(.text.HAL_GPIO_DeInit) for HAL_GPIO_DeInit
    stm32746g_discovery.o(.ARM.exidx.text.BSP_LED_DeInit) refers to stm32746g_discovery.o(.text.BSP_LED_DeInit) for [Anonymous Symbol]
    stm32746g_discovery.o(.text.BSP_LED_On) refers to stm32f7xx_hal_gpio.o(.text.HAL_GPIO_WritePin) for HAL_GPIO_WritePin
    stm32746g_discovery.o(.ARM.exidx.text.BSP_LED_On) refers to stm32746g_discovery.o(.text.BSP_LED_On) for [Anonymous Symbol]
    stm32746g_discovery.o(.text.BSP_LED_Off) refers to stm32f7xx_hal_gpio.o(.text.HAL_GPIO_WritePin) for HAL_GPIO_WritePin
    stm32746g_discovery.o(.ARM.exidx.text.BSP_LED_Off) refers to stm32746g_discovery.o(.text.BSP_LED_Off) for [Anonymous Symbol]
    stm32746g_discovery.o(.text.BSP_LED_Toggle) refers to stm32f7xx_hal_gpio.o(.text.HAL_GPIO_TogglePin) for HAL_GPIO_TogglePin
    stm32746g_discovery.o(.ARM.exidx.text.BSP_LED_Toggle) refers to stm32746g_discovery.o(.text.BSP_LED_Toggle) for [Anonymous Symbol]
    stm32746g_discovery.o(.text.BSP_PB_Init) refers to stm32f7xx_hal_gpio.o(.text.HAL_GPIO_Init) for HAL_GPIO_Init
    stm32746g_discovery.o(.text.BSP_PB_Init) refers to stm32f7xx_hal_cortex.o(.text.HAL_NVIC_SetPriority) for HAL_NVIC_SetPriority
    stm32746g_discovery.o(.text.BSP_PB_Init) refers to stm32f7xx_hal_cortex.o(.text.HAL_NVIC_EnableIRQ) for HAL_NVIC_EnableIRQ
    stm32746g_discovery.o(.text.BSP_PB_Init) refers to stm32746g_discovery.o(.data.BUTTON_PORT) for BUTTON_PORT
    stm32746g_discovery.o(.ARM.exidx.text.BSP_PB_Init) refers to stm32746g_discovery.o(.text.BSP_PB_Init) for [Anonymous Symbol]
    stm32746g_discovery.o(.text.BSP_PB_DeInit) refers to stm32f7xx_hal_cortex.o(.text.HAL_NVIC_DisableIRQ) for HAL_NVIC_DisableIRQ
    stm32746g_discovery.o(.text.BSP_PB_DeInit) refers to stm32f7xx_hal_gpio.o(.text.HAL_GPIO_DeInit) for HAL_GPIO_DeInit
    stm32746g_discovery.o(.text.BSP_PB_DeInit) refers to stm32746g_discovery.o(.data.BUTTON_PORT) for BUTTON_PORT
    stm32746g_discovery.o(.ARM.exidx.text.BSP_PB_DeInit) refers to stm32746g_discovery.o(.text.BSP_PB_DeInit) for [Anonymous Symbol]
    stm32746g_discovery.o(.text.BSP_PB_GetState) refers to stm32f7xx_hal_gpio.o(.text.HAL_GPIO_ReadPin) for HAL_GPIO_ReadPin
    stm32746g_discovery.o(.text.BSP_PB_GetState) refers to stm32746g_discovery.o(.data.BUTTON_PORT) for BUTTON_PORT
    stm32746g_discovery.o(.ARM.exidx.text.BSP_PB_GetState) refers to stm32746g_discovery.o(.text.BSP_PB_GetState) for [Anonymous Symbol]
    stm32746g_discovery.o(.text.BSP_COM_Init) refers to stm32f7xx_hal_gpio.o(.text.HAL_GPIO_Init) for HAL_GPIO_Init
    stm32746g_discovery.o(.text.BSP_COM_Init) refers to stm32f7xx_hal_uart.o(.text.HAL_UART_Init) for HAL_UART_Init
    stm32746g_discovery.o(.text.BSP_COM_Init) refers to stm32746g_discovery.o(.data..L_MergedGlobals) for [Anonymous Symbol]
    stm32746g_discovery.o(.ARM.exidx.text.BSP_COM_Init) refers to stm32746g_discovery.o(.text.BSP_COM_Init) for [Anonymous Symbol]
    stm32746g_discovery.o(.text.BSP_COM_DeInit) refers to stm32f7xx_hal_uart.o(.text.HAL_UART_DeInit) for HAL_UART_DeInit
    stm32746g_discovery.o(.text.BSP_COM_DeInit) refers to stm32746g_discovery.o(.data..L_MergedGlobals) for [Anonymous Symbol]
    stm32746g_discovery.o(.ARM.exidx.text.BSP_COM_DeInit) refers to stm32746g_discovery.o(.text.BSP_COM_DeInit) for [Anonymous Symbol]
    stm32746g_discovery.o(.text.AUDIO_IO_Init) refers to stm32746g_discovery.o(.text.I2Cx_Init) for I2Cx_Init
    stm32746g_discovery.o(.text.AUDIO_IO_Init) refers to stm32746g_discovery.o(.bss.hI2cAudioHandler) for [Anonymous Symbol]
    stm32746g_discovery.o(.ARM.exidx.text.AUDIO_IO_Init) refers to stm32746g_discovery.o(.text.AUDIO_IO_Init) for [Anonymous Symbol]
    stm32746g_discovery.o(.text.I2Cx_Init) refers to stm32f7xx_hal_i2c.o(.text.HAL_I2C_GetState) for HAL_I2C_GetState
    stm32746g_discovery.o(.text.I2Cx_Init) refers to stm32746g_discovery.o(.text.OUTLINED_FUNCTION_1) for OUTLINED_FUNCTION_1
    stm32746g_discovery.o(.text.I2Cx_Init) refers to stm32f7xx_hal_gpio.o(.text.HAL_GPIO_Init) for HAL_GPIO_Init
    stm32746g_discovery.o(.text.I2Cx_Init) refers to stm32746g_discovery.o(.text.OUTLINED_FUNCTION_2) for OUTLINED_FUNCTION_2
    stm32746g_discovery.o(.text.I2Cx_Init) refers to stm32f7xx_hal_cortex.o(.text.HAL_NVIC_SetPriority) for HAL_NVIC_SetPriority
    stm32746g_discovery.o(.text.I2Cx_Init) refers to stm32f7xx_hal_cortex.o(.text.HAL_NVIC_EnableIRQ) for HAL_NVIC_EnableIRQ
    stm32746g_discovery.o(.text.I2Cx_Init) refers to stm32f7xx_hal_i2c.o(.text.HAL_I2C_Init) for HAL_I2C_Init
    stm32746g_discovery.o(.text.I2Cx_Init) refers to stm32746g_discovery.o(.bss.hI2cAudioHandler) for [Anonymous Symbol]
    stm32746g_discovery.o(.ARM.exidx.text.I2Cx_Init) refers to stm32746g_discovery.o(.text.I2Cx_Init) for [Anonymous Symbol]
    stm32746g_discovery.o(.ARM.exidx.text.AUDIO_IO_DeInit) refers to stm32746g_discovery.o(.text.AUDIO_IO_DeInit) for [Anonymous Symbol]
    stm32746g_discovery.o(.text.AUDIO_IO_Write) refers to stm32746g_discovery.o(.text.I2Cx_WriteMultiple) for I2Cx_WriteMultiple
    stm32746g_discovery.o(.text.AUDIO_IO_Write) refers to stm32746g_discovery.o(.bss.hI2cAudioHandler) for [Anonymous Symbol]
    stm32746g_discovery.o(.ARM.exidx.text.AUDIO_IO_Write) refers to stm32746g_discovery.o(.text.AUDIO_IO_Write) for [Anonymous Symbol]
    stm32746g_discovery.o(.text.I2Cx_WriteMultiple) refers to stm32746g_discovery.o(.text.OUTLINED_FUNCTION_0) for OUTLINED_FUNCTION_0
    stm32746g_discovery.o(.text.I2Cx_WriteMultiple) refers to stm32f7xx_hal_i2c.o(.text.HAL_I2C_Mem_Write) for HAL_I2C_Mem_Write
    stm32746g_discovery.o(.text.I2Cx_WriteMultiple) refers to stm32746g_discovery.o(.text.I2Cx_Error) for I2Cx_Error
    stm32746g_discovery.o(.ARM.exidx.text.I2Cx_WriteMultiple) refers to stm32746g_discovery.o(.text.I2Cx_WriteMultiple) for [Anonymous Symbol]
    stm32746g_discovery.o(.text.AUDIO_IO_Read) refers to stm32746g_discovery.o(.text.I2Cx_ReadMultiple) for I2Cx_ReadMultiple
    stm32746g_discovery.o(.text.AUDIO_IO_Read) refers to stm32746g_discovery.o(.bss.hI2cAudioHandler) for [Anonymous Symbol]
    stm32746g_discovery.o(.ARM.exidx.text.AUDIO_IO_Read) refers to stm32746g_discovery.o(.text.AUDIO_IO_Read) for [Anonymous Symbol]
    stm32746g_discovery.o(.text.I2Cx_ReadMultiple) refers to stm32746g_discovery.o(.text.OUTLINED_FUNCTION_0) for OUTLINED_FUNCTION_0
    stm32746g_discovery.o(.text.I2Cx_ReadMultiple) refers to stm32f7xx_hal_i2c.o(.text.HAL_I2C_Mem_Read) for HAL_I2C_Mem_Read
    stm32746g_discovery.o(.text.I2Cx_ReadMultiple) refers to stm32746g_discovery.o(.text.I2Cx_Error) for I2Cx_Error
    stm32746g_discovery.o(.ARM.exidx.text.I2Cx_ReadMultiple) refers to stm32746g_discovery.o(.text.I2Cx_ReadMultiple) for [Anonymous Symbol]
    stm32746g_discovery.o(.text.AUDIO_IO_Delay) refers to stm32f7xx_hal.o(.text.HAL_Delay) for HAL_Delay
    stm32746g_discovery.o(.ARM.exidx.text.AUDIO_IO_Delay) refers to stm32746g_discovery.o(.text.AUDIO_IO_Delay) for [Anonymous Symbol]
    stm32746g_discovery.o(.text.CAMERA_IO_Init) refers to stm32746g_discovery.o(.text.I2Cx_Init) for I2Cx_Init
    stm32746g_discovery.o(.text.CAMERA_IO_Init) refers to stm32746g_discovery.o(.bss.hI2cExtHandler) for [Anonymous Symbol]
    stm32746g_discovery.o(.ARM.exidx.text.CAMERA_IO_Init) refers to stm32746g_discovery.o(.text.CAMERA_IO_Init) for [Anonymous Symbol]
    stm32746g_discovery.o(.text.CAMERA_IO_Write) refers to stm32746g_discovery.o(.text.I2Cx_WriteMultiple) for I2Cx_WriteMultiple
    stm32746g_discovery.o(.text.CAMERA_IO_Write) refers to stm32746g_discovery.o(.bss.hI2cExtHandler) for [Anonymous Symbol]
    stm32746g_discovery.o(.ARM.exidx.text.CAMERA_IO_Write) refers to stm32746g_discovery.o(.text.CAMERA_IO_Write) for [Anonymous Symbol]
    stm32746g_discovery.o(.text.CAMERA_IO_Read) refers to stm32746g_discovery.o(.text.I2Cx_ReadMultiple) for I2Cx_ReadMultiple
    stm32746g_discovery.o(.text.CAMERA_IO_Read) refers to stm32746g_discovery.o(.bss.hI2cExtHandler) for [Anonymous Symbol]
    stm32746g_discovery.o(.ARM.exidx.text.CAMERA_IO_Read) refers to stm32746g_discovery.o(.text.CAMERA_IO_Read) for [Anonymous Symbol]
    stm32746g_discovery.o(.text.CAMERA_Delay) refers to stm32f7xx_hal.o(.text.HAL_Delay) for HAL_Delay
    stm32746g_discovery.o(.ARM.exidx.text.CAMERA_Delay) refers to stm32746g_discovery.o(.text.CAMERA_Delay) for [Anonymous Symbol]
    stm32746g_discovery.o(.text.EEPROM_IO_Init) refers to stm32746g_discovery.o(.text.I2Cx_Init) for I2Cx_Init
    stm32746g_discovery.o(.text.EEPROM_IO_Init) refers to stm32746g_discovery.o(.bss.hI2cExtHandler) for [Anonymous Symbol]
    stm32746g_discovery.o(.ARM.exidx.text.EEPROM_IO_Init) refers to stm32746g_discovery.o(.text.EEPROM_IO_Init) for [Anonymous Symbol]
    stm32746g_discovery.o(.text.EEPROM_IO_WriteData) refers to stm32746g_discovery.o(.text.OUTLINED_FUNCTION_3) for OUTLINED_FUNCTION_3
    stm32746g_discovery.o(.text.EEPROM_IO_WriteData) refers to stm32746g_discovery.o(.text.I2Cx_WriteMultiple) for I2Cx_WriteMultiple
    stm32746g_discovery.o(.text.EEPROM_IO_WriteData) refers to stm32746g_discovery.o(.bss.hI2cExtHandler) for [Anonymous Symbol]
    stm32746g_discovery.o(.ARM.exidx.text.EEPROM_IO_WriteData) refers to stm32746g_discovery.o(.text.EEPROM_IO_WriteData) for [Anonymous Symbol]
    stm32746g_discovery.o(.text.EEPROM_IO_ReadData) refers to stm32746g_discovery.o(.text.OUTLINED_FUNCTION_3) for OUTLINED_FUNCTION_3
    stm32746g_discovery.o(.text.EEPROM_IO_ReadData) refers to stm32746g_discovery.o(.text.I2Cx_ReadMultiple) for I2Cx_ReadMultiple
    stm32746g_discovery.o(.text.EEPROM_IO_ReadData) refers to stm32746g_discovery.o(.bss.hI2cExtHandler) for [Anonymous Symbol]
    stm32746g_discovery.o(.ARM.exidx.text.EEPROM_IO_ReadData) refers to stm32746g_discovery.o(.text.EEPROM_IO_ReadData) for [Anonymous Symbol]
    stm32746g_discovery.o(.text.EEPROM_IO_IsDeviceReady) refers to stm32f7xx_hal_i2c.o(.text.HAL_I2C_IsDeviceReady) for HAL_I2C_IsDeviceReady
    stm32746g_discovery.o(.text.EEPROM_IO_IsDeviceReady) refers to stm32746g_discovery.o(.bss.hI2cExtHandler) for [Anonymous Symbol]
    stm32746g_discovery.o(.ARM.exidx.text.EEPROM_IO_IsDeviceReady) refers to stm32746g_discovery.o(.text.EEPROM_IO_IsDeviceReady) for [Anonymous Symbol]
    stm32746g_discovery.o(.text.TS_IO_Init) refers to stm32746g_discovery.o(.text.I2Cx_Init) for I2Cx_Init
    stm32746g_discovery.o(.text.TS_IO_Init) refers to stm32746g_discovery.o(.bss.hI2cAudioHandler) for [Anonymous Symbol]
    stm32746g_discovery.o(.ARM.exidx.text.TS_IO_Init) refers to stm32746g_discovery.o(.text.TS_IO_Init) for [Anonymous Symbol]
    stm32746g_discovery.o(.text.TS_IO_Write) refers to stm32746g_discovery.o(.text.I2Cx_WriteMultiple) for I2Cx_WriteMultiple
    stm32746g_discovery.o(.text.TS_IO_Write) refers to stm32746g_discovery.o(.bss.hI2cAudioHandler) for [Anonymous Symbol]
    stm32746g_discovery.o(.ARM.exidx.text.TS_IO_Write) refers to stm32746g_discovery.o(.text.TS_IO_Write) for [Anonymous Symbol]
    stm32746g_discovery.o(.text.TS_IO_Read) refers to stm32746g_discovery.o(.text.I2Cx_ReadMultiple) for I2Cx_ReadMultiple
    stm32746g_discovery.o(.text.TS_IO_Read) refers to stm32746g_discovery.o(.bss.hI2cAudioHandler) for [Anonymous Symbol]
    stm32746g_discovery.o(.ARM.exidx.text.TS_IO_Read) refers to stm32746g_discovery.o(.text.TS_IO_Read) for [Anonymous Symbol]
    stm32746g_discovery.o(.text.TS_IO_Delay) refers to stm32f7xx_hal.o(.text.HAL_Delay) for HAL_Delay
    stm32746g_discovery.o(.ARM.exidx.text.TS_IO_Delay) refers to stm32746g_discovery.o(.text.TS_IO_Delay) for [Anonymous Symbol]
    stm32746g_discovery.o(.text.I2Cx_Error) refers to stm32f7xx_hal_i2c.o(.text.HAL_I2C_DeInit) for HAL_I2C_DeInit
    stm32746g_discovery.o(.text.I2Cx_Error) refers to stm32746g_discovery.o(.text.I2Cx_Init) for I2Cx_Init
    stm32746g_discovery.o(.ARM.exidx.text.I2Cx_Error) refers to stm32746g_discovery.o(.text.I2Cx_Error) for [Anonymous Symbol]
    stm32746g_discovery.o(.ARM.exidx.text.OUTLINED_FUNCTION_0) refers to stm32746g_discovery.o(.text.OUTLINED_FUNCTION_0) for [Anonymous Symbol]
    stm32746g_discovery.o(.ARM.exidx.text.OUTLINED_FUNCTION_1) refers to stm32746g_discovery.o(.text.OUTLINED_FUNCTION_1) for [Anonymous Symbol]
    stm32746g_discovery.o(.text.OUTLINED_FUNCTION_2) refers to stm32f7xx_hal_gpio.o(.text.HAL_GPIO_Init) for HAL_GPIO_Init
    stm32746g_discovery.o(.ARM.exidx.text.OUTLINED_FUNCTION_2) refers to stm32746g_discovery.o(.text.OUTLINED_FUNCTION_2) for [Anonymous Symbol]
    stm32746g_discovery.o(.ARM.exidx.text.OUTLINED_FUNCTION_3) refers to stm32746g_discovery.o(.text.OUTLINED_FUNCTION_3) for [Anonymous Symbol]
    stm32746g_discovery_audio.o(.text.BSP_AUDIO_OUT_Init) refers to stm32746g_discovery_audio.o(.text.SAIx_Out_DeInit) for SAIx_Out_DeInit
    stm32746g_discovery_audio.o(.text.BSP_AUDIO_OUT_Init) refers to stm32746g_discovery_audio.o(.text.BSP_AUDIO_OUT_ClockConfig) for BSP_AUDIO_OUT_ClockConfig
    stm32746g_discovery_audio.o(.text.BSP_AUDIO_OUT_Init) refers to stm32f7xx_hal_sai.o(.text.HAL_SAI_GetState) for HAL_SAI_GetState
    stm32746g_discovery_audio.o(.text.BSP_AUDIO_OUT_Init) refers to stm32746g_discovery_audio.o(.text.BSP_AUDIO_OUT_MspInit) for BSP_AUDIO_OUT_MspInit
    stm32746g_discovery_audio.o(.text.BSP_AUDIO_OUT_Init) refers to stm32f7xx_hal_sai.o(.text.HAL_SAI_Init) for HAL_SAI_Init
    stm32746g_discovery_audio.o(.text.BSP_AUDIO_OUT_Init) refers to stm32746g_discovery_audio.o(.text.OUTLINED_FUNCTION_2) for OUTLINED_FUNCTION_2
    stm32746g_discovery_audio.o(.text.BSP_AUDIO_OUT_Init) refers to stm32746g_discovery_audio.o(.bss.haudio_out_sai) for haudio_out_sai
    stm32746g_discovery_audio.o(.text.BSP_AUDIO_OUT_Init) refers to wm8994.o(.data.wm8994_drv) for wm8994_drv
    stm32746g_discovery_audio.o(.text.BSP_AUDIO_OUT_Init) refers to stm32746g_discovery_audio.o(.bss.audio_drv) for audio_drv
    stm32746g_discovery_audio.o(.ARM.exidx.text.BSP_AUDIO_OUT_Init) refers to stm32746g_discovery_audio.o(.text.BSP_AUDIO_OUT_Init) for [Anonymous Symbol]
    stm32746g_discovery_audio.o(.text.SAIx_Out_DeInit) refers to stm32746g_discovery_audio.o(.text.OUTLINED_FUNCTION_3) for OUTLINED_FUNCTION_3
    stm32746g_discovery_audio.o(.text.SAIx_Out_DeInit) refers to stm32746g_discovery_audio.o(.bss.haudio_out_sai) for haudio_out_sai
    stm32746g_discovery_audio.o(.ARM.exidx.text.SAIx_Out_DeInit) refers to stm32746g_discovery_audio.o(.text.SAIx_Out_DeInit) for [Anonymous Symbol]
    stm32746g_discovery_audio.o(.text.BSP_AUDIO_OUT_ClockConfig) refers to stm32f7xx_hal_rcc_ex.o(.text.HAL_RCCEx_GetPeriphCLKConfig) for HAL_RCCEx_GetPeriphCLKConfig
    stm32746g_discovery_audio.o(.text.BSP_AUDIO_OUT_ClockConfig) refers to stm32f7xx_hal_rcc_ex.o(.text.HAL_RCCEx_PeriphCLKConfig) for HAL_RCCEx_PeriphCLKConfig
    stm32746g_discovery_audio.o(.ARM.exidx.text.BSP_AUDIO_OUT_ClockConfig) refers to stm32746g_discovery_audio.o(.text.BSP_AUDIO_OUT_ClockConfig) for [Anonymous Symbol]
    stm32746g_discovery_audio.o(.text.BSP_AUDIO_OUT_MspInit) refers to stm32746g_discovery_audio.o(.text.OUTLINED_FUNCTION_0) for OUTLINED_FUNCTION_0
    stm32746g_discovery_audio.o(.text.BSP_AUDIO_OUT_MspInit) refers to stm32746g_discovery_audio.o(.text.OUTLINED_FUNCTION_1) for OUTLINED_FUNCTION_1
    stm32746g_discovery_audio.o(.text.BSP_AUDIO_OUT_MspInit) refers to stm32f7xx_hal_dma.o(.text.HAL_DMA_DeInit) for HAL_DMA_DeInit
    stm32746g_discovery_audio.o(.text.BSP_AUDIO_OUT_MspInit) refers to stm32f7xx_hal_dma.o(.text.HAL_DMA_Init) for HAL_DMA_Init
    stm32746g_discovery_audio.o(.text.BSP_AUDIO_OUT_MspInit) refers to stm32f7xx_hal_cortex.o(.text.HAL_NVIC_SetPriority) for HAL_NVIC_SetPriority
    stm32746g_discovery_audio.o(.text.BSP_AUDIO_OUT_MspInit) refers to stm32f7xx_hal_cortex.o(.text.HAL_NVIC_EnableIRQ) for HAL_NVIC_EnableIRQ
    stm32746g_discovery_audio.o(.text.BSP_AUDIO_OUT_MspInit) refers to stm32f7xx_hal_gpio.o(.text.HAL_GPIO_Init) for HAL_GPIO_Init
    stm32746g_discovery_audio.o(.text.BSP_AUDIO_OUT_MspInit) refers to stm32746g_discovery_audio.o(.bss.BSP_AUDIO_OUT_MspInit.hdma_sai_tx) for [Anonymous Symbol]
    stm32746g_discovery_audio.o(.ARM.exidx.text.BSP_AUDIO_OUT_MspInit) refers to stm32746g_discovery_audio.o(.text.BSP_AUDIO_OUT_MspInit) for [Anonymous Symbol]
    stm32746g_discovery_audio.o(.text.BSP_AUDIO_OUT_Play) refers to stm32f7xx_hal_sai.o(.text.HAL_SAI_Transmit_DMA) for HAL_SAI_Transmit_DMA
    stm32746g_discovery_audio.o(.text.BSP_AUDIO_OUT_Play) refers to stm32746g_discovery_audio.o(.bss.audio_drv) for audio_drv
    stm32746g_discovery_audio.o(.text.BSP_AUDIO_OUT_Play) refers to stm32746g_discovery_audio.o(.bss.haudio_out_sai) for haudio_out_sai
    stm32746g_discovery_audio.o(.ARM.exidx.text.BSP_AUDIO_OUT_Play) refers to stm32746g_discovery_audio.o(.text.BSP_AUDIO_OUT_Play) for [Anonymous Symbol]
    stm32746g_discovery_audio.o(.text.BSP_AUDIO_OUT_ChangeBuffer) refers to stm32f7xx_hal_sai.o(.text.HAL_SAI_Transmit_DMA) for HAL_SAI_Transmit_DMA
    stm32746g_discovery_audio.o(.text.BSP_AUDIO_OUT_ChangeBuffer) refers to stm32746g_discovery_audio.o(.bss.haudio_out_sai) for haudio_out_sai
    stm32746g_discovery_audio.o(.ARM.exidx.text.BSP_AUDIO_OUT_ChangeBuffer) refers to stm32746g_discovery_audio.o(.text.BSP_AUDIO_OUT_ChangeBuffer) for [Anonymous Symbol]
    stm32746g_discovery_audio.o(.text.BSP_AUDIO_OUT_Pause) refers to stm32f7xx_hal_sai.o(.text.HAL_SAI_DMAPause) for HAL_SAI_DMAPause
    stm32746g_discovery_audio.o(.text.BSP_AUDIO_OUT_Pause) refers to stm32746g_discovery_audio.o(.bss.audio_drv) for audio_drv
    stm32746g_discovery_audio.o(.text.BSP_AUDIO_OUT_Pause) refers to stm32746g_discovery_audio.o(.bss.haudio_out_sai) for haudio_out_sai
    stm32746g_discovery_audio.o(.ARM.exidx.text.BSP_AUDIO_OUT_Pause) refers to stm32746g_discovery_audio.o(.text.BSP_AUDIO_OUT_Pause) for [Anonymous Symbol]
    stm32746g_discovery_audio.o(.text.BSP_AUDIO_OUT_Resume) refers to stm32f7xx_hal_sai.o(.text.HAL_SAI_DMAResume) for HAL_SAI_DMAResume
    stm32746g_discovery_audio.o(.text.BSP_AUDIO_OUT_Resume) refers to stm32746g_discovery_audio.o(.bss.audio_drv) for audio_drv
    stm32746g_discovery_audio.o(.text.BSP_AUDIO_OUT_Resume) refers to stm32746g_discovery_audio.o(.bss.haudio_out_sai) for haudio_out_sai
    stm32746g_discovery_audio.o(.ARM.exidx.text.BSP_AUDIO_OUT_Resume) refers to stm32746g_discovery_audio.o(.text.BSP_AUDIO_OUT_Resume) for [Anonymous Symbol]
    stm32746g_discovery_audio.o(.text.BSP_AUDIO_OUT_Stop) refers to stm32f7xx_hal_sai.o(.text.HAL_SAI_DMAStop) for HAL_SAI_DMAStop
    stm32746g_discovery_audio.o(.text.BSP_AUDIO_OUT_Stop) refers to stm32746g_discovery_audio.o(.text.OUTLINED_FUNCTION_5) for OUTLINED_FUNCTION_5
    stm32746g_discovery_audio.o(.text.BSP_AUDIO_OUT_Stop) refers to stm32f7xx_hal.o(.text.HAL_Delay) for HAL_Delay
    stm32746g_discovery_audio.o(.text.BSP_AUDIO_OUT_Stop) refers to stm32746g_discovery_audio.o(.bss.haudio_out_sai) for haudio_out_sai
    stm32746g_discovery_audio.o(.text.BSP_AUDIO_OUT_Stop) refers to stm32746g_discovery_audio.o(.bss.audio_drv) for audio_drv
    stm32746g_discovery_audio.o(.ARM.exidx.text.BSP_AUDIO_OUT_Stop) refers to stm32746g_discovery_audio.o(.text.BSP_AUDIO_OUT_Stop) for [Anonymous Symbol]
    stm32746g_discovery_audio.o(.text.BSP_AUDIO_OUT_SetVolume) refers to stm32746g_discovery_audio.o(.bss.audio_drv) for audio_drv
    stm32746g_discovery_audio.o(.ARM.exidx.text.BSP_AUDIO_OUT_SetVolume) refers to stm32746g_discovery_audio.o(.text.BSP_AUDIO_OUT_SetVolume) for [Anonymous Symbol]
    stm32746g_discovery_audio.o(.text.BSP_AUDIO_OUT_SetMute) refers to stm32746g_discovery_audio.o(.bss.audio_drv) for audio_drv
    stm32746g_discovery_audio.o(.ARM.exidx.text.BSP_AUDIO_OUT_SetMute) refers to stm32746g_discovery_audio.o(.text.BSP_AUDIO_OUT_SetMute) for [Anonymous Symbol]
    stm32746g_discovery_audio.o(.text.BSP_AUDIO_OUT_SetOutputMode) refers to stm32746g_discovery_audio.o(.bss.audio_drv) for audio_drv
    stm32746g_discovery_audio.o(.ARM.exidx.text.BSP_AUDIO_OUT_SetOutputMode) refers to stm32746g_discovery_audio.o(.text.BSP_AUDIO_OUT_SetOutputMode) for [Anonymous Symbol]
    stm32746g_discovery_audio.o(.text.BSP_AUDIO_OUT_SetFrequency) refers to stm32746g_discovery_audio.o(.text.BSP_AUDIO_OUT_ClockConfig) for BSP_AUDIO_OUT_ClockConfig
    stm32746g_discovery_audio.o(.text.BSP_AUDIO_OUT_SetFrequency) refers to stm32746g_discovery_audio.o(.text.OUTLINED_FUNCTION_6) for OUTLINED_FUNCTION_6
    stm32746g_discovery_audio.o(.text.BSP_AUDIO_OUT_SetFrequency) refers to stm32f7xx_hal_sai.o(.text.HAL_SAI_Init) for HAL_SAI_Init
    stm32746g_discovery_audio.o(.text.BSP_AUDIO_OUT_SetFrequency) refers to stm32746g_discovery_audio.o(.text.OUTLINED_FUNCTION_2) for OUTLINED_FUNCTION_2
    stm32746g_discovery_audio.o(.text.BSP_AUDIO_OUT_SetFrequency) refers to stm32746g_discovery_audio.o(.bss.haudio_out_sai) for haudio_out_sai
    stm32746g_discovery_audio.o(.ARM.exidx.text.BSP_AUDIO_OUT_SetFrequency) refers to stm32746g_discovery_audio.o(.text.BSP_AUDIO_OUT_SetFrequency) for [Anonymous Symbol]
    stm32746g_discovery_audio.o(.text.BSP_AUDIO_OUT_SetAudioFrameSlot) refers to stm32746g_discovery_audio.o(.text.OUTLINED_FUNCTION_6) for OUTLINED_FUNCTION_6
    stm32746g_discovery_audio.o(.text.BSP_AUDIO_OUT_SetAudioFrameSlot) refers to stm32f7xx_hal_sai.o(.text.HAL_SAI_Init) for HAL_SAI_Init
    stm32746g_discovery_audio.o(.text.BSP_AUDIO_OUT_SetAudioFrameSlot) refers to stm32746g_discovery_audio.o(.text.OUTLINED_FUNCTION_2) for OUTLINED_FUNCTION_2
    stm32746g_discovery_audio.o(.text.BSP_AUDIO_OUT_SetAudioFrameSlot) refers to stm32746g_discovery_audio.o(.bss.haudio_out_sai) for haudio_out_sai
    stm32746g_discovery_audio.o(.ARM.exidx.text.BSP_AUDIO_OUT_SetAudioFrameSlot) refers to stm32746g_discovery_audio.o(.text.BSP_AUDIO_OUT_SetAudioFrameSlot) for [Anonymous Symbol]
    stm32746g_discovery_audio.o(.text.BSP_AUDIO_OUT_DeInit) refers to stm32746g_discovery_audio.o(.text.SAIx_Out_DeInit) for SAIx_Out_DeInit
    stm32746g_discovery_audio.o(.text.BSP_AUDIO_OUT_DeInit) refers to stm32746g_discovery_audio.o(.text.BSP_AUDIO_OUT_MspDeInit) for BSP_AUDIO_OUT_MspDeInit
    stm32746g_discovery_audio.o(.text.BSP_AUDIO_OUT_DeInit) refers to stm32746g_discovery_audio.o(.bss.haudio_out_sai) for haudio_out_sai
    stm32746g_discovery_audio.o(.ARM.exidx.text.BSP_AUDIO_OUT_DeInit) refers to stm32746g_discovery_audio.o(.text.BSP_AUDIO_OUT_DeInit) for [Anonymous Symbol]
    stm32746g_discovery_audio.o(.text.BSP_AUDIO_OUT_MspDeInit) refers to stm32f7xx_hal_cortex.o(.text.HAL_NVIC_DisableIRQ) for HAL_NVIC_DisableIRQ
    stm32746g_discovery_audio.o(.text.BSP_AUDIO_OUT_MspDeInit) refers to stm32f7xx_hal_dma.o(.text.HAL_DMA_DeInit) for HAL_DMA_DeInit
    stm32746g_discovery_audio.o(.text.BSP_AUDIO_OUT_MspDeInit) refers to stm32f7xx_hal_gpio.o(.text.HAL_GPIO_DeInit) for HAL_GPIO_DeInit
    stm32746g_discovery_audio.o(.ARM.exidx.text.BSP_AUDIO_OUT_MspDeInit) refers to stm32746g_discovery_audio.o(.text.BSP_AUDIO_OUT_MspDeInit) for [Anonymous Symbol]
    stm32746g_discovery_audio.o(.text.HAL_SAI_TxCpltCallback) refers to stm32746g_discovery_audio.o(.text.BSP_AUDIO_OUT_TransferComplete_CallBack) for BSP_AUDIO_OUT_TransferComplete_CallBack
    stm32746g_discovery_audio.o(.ARM.exidx.text.HAL_SAI_TxCpltCallback) refers to stm32746g_discovery_audio.o(.text.HAL_SAI_TxCpltCallback) for [Anonymous Symbol]
    stm32746g_discovery_audio.o(.ARM.exidx.text.BSP_AUDIO_OUT_TransferComplete_CallBack) refers to stm32746g_discovery_audio.o(.text.BSP_AUDIO_OUT_TransferComplete_CallBack) for [Anonymous Symbol]
    stm32746g_discovery_audio.o(.text.HAL_SAI_TxHalfCpltCallback) refers to stm32746g_discovery_audio.o(.text.BSP_AUDIO_OUT_HalfTransfer_CallBack) for BSP_AUDIO_OUT_HalfTransfer_CallBack
    stm32746g_discovery_audio.o(.ARM.exidx.text.HAL_SAI_TxHalfCpltCallback) refers to stm32746g_discovery_audio.o(.text.HAL_SAI_TxHalfCpltCallback) for [Anonymous Symbol]
    stm32746g_discovery_audio.o(.ARM.exidx.text.BSP_AUDIO_OUT_HalfTransfer_CallBack) refers to stm32746g_discovery_audio.o(.text.BSP_AUDIO_OUT_HalfTransfer_CallBack) for [Anonymous Symbol]
    stm32746g_discovery_audio.o(.text.HAL_SAI_ErrorCallback) refers to stm32f7xx_hal_sai.o(.text.HAL_SAI_GetState) for HAL_SAI_GetState
    stm32746g_discovery_audio.o(.text.HAL_SAI_ErrorCallback) refers to stm32746g_discovery_audio.o(.text.BSP_AUDIO_OUT_Error_CallBack) for BSP_AUDIO_OUT_Error_CallBack
    stm32746g_discovery_audio.o(.text.HAL_SAI_ErrorCallback) refers to stm32746g_discovery_audio.o(.text.BSP_AUDIO_IN_Error_CallBack) for BSP_AUDIO_IN_Error_CallBack
    stm32746g_discovery_audio.o(.text.HAL_SAI_ErrorCallback) refers to stm32746g_discovery_audio.o(.bss.haudio_out_sai) for haudio_out_sai
    stm32746g_discovery_audio.o(.text.HAL_SAI_ErrorCallback) refers to stm32746g_discovery_audio.o(.bss.haudio_in_sai) for haudio_in_sai
    stm32746g_discovery_audio.o(.ARM.exidx.text.HAL_SAI_ErrorCallback) refers to stm32746g_discovery_audio.o(.text.HAL_SAI_ErrorCallback) for [Anonymous Symbol]
    stm32746g_discovery_audio.o(.ARM.exidx.text.BSP_AUDIO_OUT_Error_CallBack) refers to stm32746g_discovery_audio.o(.text.BSP_AUDIO_OUT_Error_CallBack) for [Anonymous Symbol]
    stm32746g_discovery_audio.o(.ARM.exidx.text.BSP_AUDIO_IN_Error_CallBack) refers to stm32746g_discovery_audio.o(.text.BSP_AUDIO_IN_Error_CallBack) for [Anonymous Symbol]
    stm32746g_discovery_audio.o(.text.BSP_AUDIO_IN_Init) refers to stm32746g_discovery_audio.o(.text.BSP_AUDIO_IN_InitEx) for BSP_AUDIO_IN_InitEx
    stm32746g_discovery_audio.o(.ARM.exidx.text.BSP_AUDIO_IN_Init) refers to stm32746g_discovery_audio.o(.text.BSP_AUDIO_IN_Init) for [Anonymous Symbol]
    stm32746g_discovery_audio.o(.text.BSP_AUDIO_IN_InitEx) refers to stm32746g_discovery_audio.o(.text.SAIx_In_DeInit) for SAIx_In_DeInit
    stm32746g_discovery_audio.o(.text.BSP_AUDIO_IN_InitEx) refers to stm32746g_discovery_audio.o(.text.OUTLINED_FUNCTION_4) for OUTLINED_FUNCTION_4
    stm32746g_discovery_audio.o(.text.BSP_AUDIO_IN_InitEx) refers to stm32f7xx_hal_sai.o(.text.HAL_SAI_GetState) for HAL_SAI_GetState
    stm32746g_discovery_audio.o(.text.BSP_AUDIO_IN_InitEx) refers to stm32746g_discovery_audio.o(.text.BSP_AUDIO_OUT_MspInit) for BSP_AUDIO_OUT_MspInit
    stm32746g_discovery_audio.o(.text.BSP_AUDIO_IN_InitEx) refers to stm32746g_discovery_audio.o(.text.BSP_AUDIO_IN_MspInit) for BSP_AUDIO_IN_MspInit
    stm32746g_discovery_audio.o(.text.BSP_AUDIO_IN_InitEx) refers to stm32746g_discovery_audio.o(.text.SAIx_In_Init) for SAIx_In_Init
    stm32746g_discovery_audio.o(.text.BSP_AUDIO_IN_InitEx) refers to stm32746g_discovery_audio.o(.bss.haudio_in_sai) for haudio_in_sai
    stm32746g_discovery_audio.o(.text.BSP_AUDIO_IN_InitEx) refers to wm8994.o(.data.wm8994_drv) for wm8994_drv
    stm32746g_discovery_audio.o(.text.BSP_AUDIO_IN_InitEx) refers to stm32746g_discovery_audio.o(.bss.audio_drv) for audio_drv
    stm32746g_discovery_audio.o(.ARM.exidx.text.BSP_AUDIO_IN_InitEx) refers to stm32746g_discovery_audio.o(.text.BSP_AUDIO_IN_InitEx) for [Anonymous Symbol]
    stm32746g_discovery_audio.o(.text.SAIx_In_DeInit) refers to stm32746g_discovery_audio.o(.text.OUTLINED_FUNCTION_3) for OUTLINED_FUNCTION_3
    stm32746g_discovery_audio.o(.text.SAIx_In_DeInit) refers to stm32746g_discovery_audio.o(.bss.haudio_in_sai) for haudio_in_sai
    stm32746g_discovery_audio.o(.ARM.exidx.text.SAIx_In_DeInit) refers to stm32746g_discovery_audio.o(.text.SAIx_In_DeInit) for [Anonymous Symbol]
    stm32746g_discovery_audio.o(.text.BSP_AUDIO_IN_MspInit) refers to stm32f7xx_hal_gpio.o(.text.HAL_GPIO_Init) for HAL_GPIO_Init
    stm32746g_discovery_audio.o(.text.BSP_AUDIO_IN_MspInit) refers to stm32f7xx_hal_dma.o(.text.HAL_DMA_DeInit) for HAL_DMA_DeInit
    stm32746g_discovery_audio.o(.text.BSP_AUDIO_IN_MspInit) refers to stm32f7xx_hal_dma.o(.text.HAL_DMA_Init) for HAL_DMA_Init
    stm32746g_discovery_audio.o(.text.BSP_AUDIO_IN_MspInit) refers to stm32f7xx_hal_cortex.o(.text.HAL_NVIC_SetPriority) for HAL_NVIC_SetPriority
    stm32746g_discovery_audio.o(.text.BSP_AUDIO_IN_MspInit) refers to stm32f7xx_hal_cortex.o(.text.HAL_NVIC_EnableIRQ) for HAL_NVIC_EnableIRQ
    stm32746g_discovery_audio.o(.text.BSP_AUDIO_IN_MspInit) refers to stm32746g_discovery_audio.o(.bss.BSP_AUDIO_IN_MspInit.hdma_sai_rx) for [Anonymous Symbol]
    stm32746g_discovery_audio.o(.ARM.exidx.text.BSP_AUDIO_IN_MspInit) refers to stm32746g_discovery_audio.o(.text.BSP_AUDIO_IN_MspInit) for [Anonymous Symbol]
    stm32746g_discovery_audio.o(.text.SAIx_In_Init) refers to stm32f7xx_hal_sai.o(.text.HAL_SAI_Init) for HAL_SAI_Init
    stm32746g_discovery_audio.o(.text.SAIx_In_Init) refers to stm32746g_discovery_audio.o(.text.OUTLINED_FUNCTION_2) for OUTLINED_FUNCTION_2
    stm32746g_discovery_audio.o(.text.SAIx_In_Init) refers to stm32746g_discovery_audio.o(.bss.haudio_out_sai) for haudio_out_sai
    stm32746g_discovery_audio.o(.text.SAIx_In_Init) refers to stm32746g_discovery_audio.o(.bss.haudio_in_sai) for haudio_in_sai
    stm32746g_discovery_audio.o(.ARM.exidx.text.SAIx_In_Init) refers to stm32746g_discovery_audio.o(.text.SAIx_In_Init) for [Anonymous Symbol]
    stm32746g_discovery_audio.o(.text.BSP_AUDIO_IN_OUT_Init) refers to stm32746g_discovery_audio.o(.text.SAIx_In_DeInit) for SAIx_In_DeInit
    stm32746g_discovery_audio.o(.text.BSP_AUDIO_IN_OUT_Init) refers to stm32746g_discovery_audio.o(.text.SAIx_Out_DeInit) for SAIx_Out_DeInit
    stm32746g_discovery_audio.o(.text.BSP_AUDIO_IN_OUT_Init) refers to stm32746g_discovery_audio.o(.text.OUTLINED_FUNCTION_4) for OUTLINED_FUNCTION_4
    stm32746g_discovery_audio.o(.text.BSP_AUDIO_IN_OUT_Init) refers to stm32f7xx_hal_sai.o(.text.HAL_SAI_GetState) for HAL_SAI_GetState
    stm32746g_discovery_audio.o(.text.BSP_AUDIO_IN_OUT_Init) refers to stm32746g_discovery_audio.o(.text.BSP_AUDIO_IN_MspInit) for BSP_AUDIO_IN_MspInit
    stm32746g_discovery_audio.o(.text.BSP_AUDIO_IN_OUT_Init) refers to stm32746g_discovery_audio.o(.text.BSP_AUDIO_OUT_MspInit) for BSP_AUDIO_OUT_MspInit
    stm32746g_discovery_audio.o(.text.BSP_AUDIO_IN_OUT_Init) refers to stm32746g_discovery_audio.o(.text.SAIx_In_Init) for SAIx_In_Init
    stm32746g_discovery_audio.o(.text.BSP_AUDIO_IN_OUT_Init) refers to stm32746g_discovery_audio.o(.bss.haudio_in_sai) for haudio_in_sai
    stm32746g_discovery_audio.o(.text.BSP_AUDIO_IN_OUT_Init) refers to stm32746g_discovery_audio.o(.bss.haudio_out_sai) for haudio_out_sai
    stm32746g_discovery_audio.o(.text.BSP_AUDIO_IN_OUT_Init) refers to wm8994.o(.data.wm8994_drv) for wm8994_drv
    stm32746g_discovery_audio.o(.text.BSP_AUDIO_IN_OUT_Init) refers to stm32746g_discovery_audio.o(.bss.audio_drv) for audio_drv
    stm32746g_discovery_audio.o(.ARM.exidx.text.BSP_AUDIO_IN_OUT_Init) refers to stm32746g_discovery_audio.o(.text.BSP_AUDIO_IN_OUT_Init) for [Anonymous Symbol]
    stm32746g_discovery_audio.o(.text.BSP_AUDIO_IN_Record) refers to stm32f7xx_hal_sai.o(.text.HAL_SAI_Receive_DMA) for HAL_SAI_Receive_DMA
    stm32746g_discovery_audio.o(.text.BSP_AUDIO_IN_Record) refers to stm32746g_discovery_audio.o(.bss.haudio_in_sai) for haudio_in_sai
    stm32746g_discovery_audio.o(.ARM.exidx.text.BSP_AUDIO_IN_Record) refers to stm32746g_discovery_audio.o(.text.BSP_AUDIO_IN_Record) for [Anonymous Symbol]
    stm32746g_discovery_audio.o(.text.BSP_AUDIO_IN_Stop) refers to stm32f7xx_hal_sai.o(.text.HAL_SAI_DMAStop) for HAL_SAI_DMAStop
    stm32746g_discovery_audio.o(.text.BSP_AUDIO_IN_Stop) refers to stm32746g_discovery_audio.o(.text.OUTLINED_FUNCTION_5) for OUTLINED_FUNCTION_5
    stm32746g_discovery_audio.o(.text.BSP_AUDIO_IN_Stop) refers to stm32f7xx_hal.o(.text.HAL_Delay) for HAL_Delay
    stm32746g_discovery_audio.o(.text.BSP_AUDIO_IN_Stop) refers to stm32746g_discovery_audio.o(.bss.haudio_in_sai) for haudio_in_sai
    stm32746g_discovery_audio.o(.text.BSP_AUDIO_IN_Stop) refers to stm32746g_discovery_audio.o(.bss.audio_drv) for audio_drv
    stm32746g_discovery_audio.o(.ARM.exidx.text.BSP_AUDIO_IN_Stop) refers to stm32746g_discovery_audio.o(.text.BSP_AUDIO_IN_Stop) for [Anonymous Symbol]
    stm32746g_discovery_audio.o(.text.BSP_AUDIO_IN_Pause) refers to stm32f7xx_hal_sai.o(.text.HAL_SAI_DMAPause) for HAL_SAI_DMAPause
    stm32746g_discovery_audio.o(.text.BSP_AUDIO_IN_Pause) refers to stm32746g_discovery_audio.o(.bss.haudio_in_sai) for haudio_in_sai
    stm32746g_discovery_audio.o(.ARM.exidx.text.BSP_AUDIO_IN_Pause) refers to stm32746g_discovery_audio.o(.text.BSP_AUDIO_IN_Pause) for [Anonymous Symbol]
    stm32746g_discovery_audio.o(.text.BSP_AUDIO_IN_Resume) refers to stm32f7xx_hal_sai.o(.text.HAL_SAI_DMAResume) for HAL_SAI_DMAResume
    stm32746g_discovery_audio.o(.text.BSP_AUDIO_IN_Resume) refers to stm32746g_discovery_audio.o(.bss.haudio_in_sai) for haudio_in_sai
    stm32746g_discovery_audio.o(.ARM.exidx.text.BSP_AUDIO_IN_Resume) refers to stm32746g_discovery_audio.o(.text.BSP_AUDIO_IN_Resume) for [Anonymous Symbol]
    stm32746g_discovery_audio.o(.text.BSP_AUDIO_IN_SetVolume) refers to stm32746g_discovery_audio.o(.bss.audio_drv) for audio_drv
    stm32746g_discovery_audio.o(.text.BSP_AUDIO_IN_SetVolume) refers to stm32746g_discovery_audio.o(.data.AudioInVolume) for AudioInVolume
    stm32746g_discovery_audio.o(.ARM.exidx.text.BSP_AUDIO_IN_SetVolume) refers to stm32746g_discovery_audio.o(.text.BSP_AUDIO_IN_SetVolume) for [Anonymous Symbol]
    stm32746g_discovery_audio.o(.text.BSP_AUDIO_IN_DeInit) refers to stm32746g_discovery_audio.o(.text.SAIx_In_DeInit) for SAIx_In_DeInit
    stm32746g_discovery_audio.o(.text.BSP_AUDIO_IN_DeInit) refers to stm32746g_discovery_audio.o(.text.BSP_AUDIO_IN_MspDeInit) for BSP_AUDIO_IN_MspDeInit
    stm32746g_discovery_audio.o(.text.BSP_AUDIO_IN_DeInit) refers to stm32746g_discovery_audio.o(.bss.haudio_in_sai) for haudio_in_sai
    stm32746g_discovery_audio.o(.ARM.exidx.text.BSP_AUDIO_IN_DeInit) refers to stm32746g_discovery_audio.o(.text.BSP_AUDIO_IN_DeInit) for [Anonymous Symbol]
    stm32746g_discovery_audio.o(.text.BSP_AUDIO_IN_MspDeInit) refers to stm32f7xx_hal_cortex.o(.text.HAL_NVIC_DisableIRQ) for HAL_NVIC_DisableIRQ
    stm32746g_discovery_audio.o(.text.BSP_AUDIO_IN_MspDeInit) refers to stm32f7xx_hal_dma.o(.text.HAL_DMA_DeInit) for HAL_DMA_DeInit
    stm32746g_discovery_audio.o(.text.BSP_AUDIO_IN_MspDeInit) refers to stm32746g_discovery_audio.o(.text.OUTLINED_FUNCTION_6) for OUTLINED_FUNCTION_6
    stm32746g_discovery_audio.o(.text.BSP_AUDIO_IN_MspDeInit) refers to stm32f7xx_hal_gpio.o(.text.HAL_GPIO_DeInit) for HAL_GPIO_DeInit
    stm32746g_discovery_audio.o(.text.BSP_AUDIO_IN_MspDeInit) refers to stm32746g_discovery_audio.o(.bss.BSP_AUDIO_IN_MspDeInit.hdma_sai_rx) for [Anonymous Symbol]
    stm32746g_discovery_audio.o(.ARM.exidx.text.BSP_AUDIO_IN_MspDeInit) refers to stm32746g_discovery_audio.o(.text.BSP_AUDIO_IN_MspDeInit) for [Anonymous Symbol]
    stm32746g_discovery_audio.o(.text.HAL_SAI_RxCpltCallback) refers to stm32746g_discovery_audio.o(.text.BSP_AUDIO_IN_TransferComplete_CallBack) for BSP_AUDIO_IN_TransferComplete_CallBack
    stm32746g_discovery_audio.o(.ARM.exidx.text.HAL_SAI_RxCpltCallback) refers to stm32746g_discovery_audio.o(.text.HAL_SAI_RxCpltCallback) for [Anonymous Symbol]
    stm32746g_discovery_audio.o(.ARM.exidx.text.BSP_AUDIO_IN_TransferComplete_CallBack) refers to stm32746g_discovery_audio.o(.text.BSP_AUDIO_IN_TransferComplete_CallBack) for [Anonymous Symbol]
    stm32746g_discovery_audio.o(.text.HAL_SAI_RxHalfCpltCallback) refers to stm32746g_discovery_audio.o(.text.BSP_AUDIO_IN_HalfTransfer_CallBack) for BSP_AUDIO_IN_HalfTransfer_CallBack
    stm32746g_discovery_audio.o(.ARM.exidx.text.HAL_SAI_RxHalfCpltCallback) refers to stm32746g_discovery_audio.o(.text.HAL_SAI_RxHalfCpltCallback) for [Anonymous Symbol]
    stm32746g_discovery_audio.o(.ARM.exidx.text.BSP_AUDIO_IN_HalfTransfer_CallBack) refers to stm32746g_discovery_audio.o(.text.BSP_AUDIO_IN_HalfTransfer_CallBack) for [Anonymous Symbol]
    stm32746g_discovery_audio.o(.ARM.exidx.text.OUTLINED_FUNCTION_0) refers to stm32746g_discovery_audio.o(.text.OUTLINED_FUNCTION_0) for [Anonymous Symbol]
    stm32746g_discovery_audio.o(.ARM.exidx.text.OUTLINED_FUNCTION_1) refers to stm32746g_discovery_audio.o(.text.OUTLINED_FUNCTION_1) for [Anonymous Symbol]
    stm32746g_discovery_audio.o(.ARM.exidx.text.OUTLINED_FUNCTION_2) refers to stm32746g_discovery_audio.o(.text.OUTLINED_FUNCTION_2) for [Anonymous Symbol]
    stm32746g_discovery_audio.o(.text.OUTLINED_FUNCTION_3) refers to stm32f7xx_hal_sai.o(.text.HAL_SAI_DeInit) for HAL_SAI_DeInit
    stm32746g_discovery_audio.o(.ARM.exidx.text.OUTLINED_FUNCTION_3) refers to stm32746g_discovery_audio.o(.text.OUTLINED_FUNCTION_3) for [Anonymous Symbol]
    stm32746g_discovery_audio.o(.text.OUTLINED_FUNCTION_4) refers to stm32746g_discovery_audio.o(.text.BSP_AUDIO_OUT_ClockConfig) for BSP_AUDIO_OUT_ClockConfig
    stm32746g_discovery_audio.o(.ARM.exidx.text.OUTLINED_FUNCTION_4) refers to stm32746g_discovery_audio.o(.text.OUTLINED_FUNCTION_4) for [Anonymous Symbol]
    stm32746g_discovery_audio.o(.ARM.exidx.text.OUTLINED_FUNCTION_5) refers to stm32746g_discovery_audio.o(.text.OUTLINED_FUNCTION_5) for [Anonymous Symbol]
    stm32746g_discovery_audio.o(.ARM.exidx.text.OUTLINED_FUNCTION_6) refers to stm32746g_discovery_audio.o(.text.OUTLINED_FUNCTION_6) for [Anonymous Symbol]
    stm32746g_discovery_qspi.o(.text.BSP_QSPI_Init) refers to stm32f7xx_hal_qspi.o(.text.HAL_QSPI_DeInit) for HAL_QSPI_DeInit
    stm32746g_discovery_qspi.o(.text.BSP_QSPI_Init) refers to stm32746g_discovery_qspi.o(.text.BSP_QSPI_MspInit) for BSP_QSPI_MspInit
    stm32746g_discovery_qspi.o(.text.BSP_QSPI_Init) refers to stm32f7xx_hal_qspi.o(.text.HAL_QSPI_Init) for HAL_QSPI_Init
    stm32746g_discovery_qspi.o(.text.BSP_QSPI_Init) refers to stm32f7xx_hal_qspi.o(.text.HAL_QSPI_Command) for HAL_QSPI_Command
    stm32746g_discovery_qspi.o(.text.BSP_QSPI_Init) refers to stm32746g_discovery_qspi.o(.text.QSPI_AutoPollingMemReady) for QSPI_AutoPollingMemReady
    stm32746g_discovery_qspi.o(.text.BSP_QSPI_Init) refers to stm32746g_discovery_qspi.o(.text.OUTLINED_FUNCTION_4) for OUTLINED_FUNCTION_4
    stm32746g_discovery_qspi.o(.text.BSP_QSPI_Init) refers to stm32f7xx_hal_qspi.o(.text.HAL_QSPI_Receive) for HAL_QSPI_Receive
    stm32746g_discovery_qspi.o(.text.BSP_QSPI_Init) refers to stm32746g_discovery_qspi.o(.text.QSPI_WriteEnable) for QSPI_WriteEnable
    stm32746g_discovery_qspi.o(.text.BSP_QSPI_Init) refers to stm32f7xx_hal_qspi.o(.text.HAL_QSPI_Transmit) for HAL_QSPI_Transmit
    stm32746g_discovery_qspi.o(.text.BSP_QSPI_Init) refers to stm32746g_discovery_qspi.o(.bss.QSPIHandle) for QSPIHandle
    stm32746g_discovery_qspi.o(.ARM.exidx.text.BSP_QSPI_Init) refers to stm32746g_discovery_qspi.o(.text.BSP_QSPI_Init) for [Anonymous Symbol]
    stm32746g_discovery_qspi.o(.text.BSP_QSPI_MspInit) refers to stm32746g_discovery_qspi.o(.text.OUTLINED_FUNCTION_2) for OUTLINED_FUNCTION_2
    stm32746g_discovery_qspi.o(.text.BSP_QSPI_MspInit) refers to stm32746g_discovery_qspi.o(.text.OUTLINED_FUNCTION_0) for OUTLINED_FUNCTION_0
    stm32746g_discovery_qspi.o(.text.BSP_QSPI_MspInit) refers to stm32746g_discovery_qspi.o(.text.OUTLINED_FUNCTION_1) for OUTLINED_FUNCTION_1
    stm32746g_discovery_qspi.o(.text.BSP_QSPI_MspInit) refers to stm32f7xx_hal_cortex.o(.text.HAL_NVIC_SetPriority) for HAL_NVIC_SetPriority
    stm32746g_discovery_qspi.o(.text.BSP_QSPI_MspInit) refers to stm32f7xx_hal_cortex.o(.text.HAL_NVIC_EnableIRQ) for HAL_NVIC_EnableIRQ
    stm32746g_discovery_qspi.o(.text.BSP_QSPI_MspInit) refers to stm32f7xx_hal_gpio.o(.text.HAL_GPIO_Init) for HAL_GPIO_Init
    stm32746g_discovery_qspi.o(.ARM.exidx.text.BSP_QSPI_MspInit) refers to stm32746g_discovery_qspi.o(.text.BSP_QSPI_MspInit) for [Anonymous Symbol]
    stm32746g_discovery_qspi.o(.text.BSP_QSPI_DeInit) refers to stm32f7xx_hal_qspi.o(.text.HAL_QSPI_DeInit) for HAL_QSPI_DeInit
    stm32746g_discovery_qspi.o(.text.BSP_QSPI_DeInit) refers to stm32746g_discovery_qspi.o(.text.BSP_QSPI_MspDeInit) for BSP_QSPI_MspDeInit
    stm32746g_discovery_qspi.o(.text.BSP_QSPI_DeInit) refers to stm32746g_discovery_qspi.o(.bss.QSPIHandle) for QSPIHandle
    stm32746g_discovery_qspi.o(.ARM.exidx.text.BSP_QSPI_DeInit) refers to stm32746g_discovery_qspi.o(.text.BSP_QSPI_DeInit) for [Anonymous Symbol]
    stm32746g_discovery_qspi.o(.text.BSP_QSPI_MspDeInit) refers to stm32f7xx_hal_cortex.o(.text.HAL_NVIC_DisableIRQ) for HAL_NVIC_DisableIRQ
    stm32746g_discovery_qspi.o(.text.BSP_QSPI_MspDeInit) refers to stm32746g_discovery_qspi.o(.text.OUTLINED_FUNCTION_2) for OUTLINED_FUNCTION_2
    stm32746g_discovery_qspi.o(.text.BSP_QSPI_MspDeInit) refers to stm32f7xx_hal_gpio.o(.text.HAL_GPIO_DeInit) for HAL_GPIO_DeInit
    stm32746g_discovery_qspi.o(.ARM.exidx.text.BSP_QSPI_MspDeInit) refers to stm32746g_discovery_qspi.o(.text.BSP_QSPI_MspDeInit) for [Anonymous Symbol]
    stm32746g_discovery_qspi.o(.text.BSP_QSPI_Read) refers to stm32f7xx_hal_qspi.o(.text.HAL_QSPI_Command) for HAL_QSPI_Command
    stm32746g_discovery_qspi.o(.text.BSP_QSPI_Read) refers to stm32f7xx_hal_qspi.o(.text.HAL_QSPI_Receive) for HAL_QSPI_Receive
    stm32746g_discovery_qspi.o(.text.BSP_QSPI_Read) refers to stm32746g_discovery_qspi.o(.bss.QSPIHandle) for QSPIHandle
    stm32746g_discovery_qspi.o(.ARM.exidx.text.BSP_QSPI_Read) refers to stm32746g_discovery_qspi.o(.text.BSP_QSPI_Read) for [Anonymous Symbol]
    stm32746g_discovery_qspi.o(.text.BSP_QSPI_Write) refers to stm32746g_discovery_qspi.o(.text.QSPI_WriteEnable) for QSPI_WriteEnable
    stm32746g_discovery_qspi.o(.text.BSP_QSPI_Write) refers to stm32746g_discovery_qspi.o(.text.OUTLINED_FUNCTION_3) for OUTLINED_FUNCTION_3
    stm32746g_discovery_qspi.o(.text.BSP_QSPI_Write) refers to stm32f7xx_hal_qspi.o(.text.HAL_QSPI_Transmit) for HAL_QSPI_Transmit
    stm32746g_discovery_qspi.o(.text.BSP_QSPI_Write) refers to stm32746g_discovery_qspi.o(.text.QSPI_AutoPollingMemReady) for QSPI_AutoPollingMemReady
    stm32746g_discovery_qspi.o(.text.BSP_QSPI_Write) refers to stm32746g_discovery_qspi.o(.bss.QSPIHandle) for QSPIHandle
    stm32746g_discovery_qspi.o(.ARM.exidx.text.BSP_QSPI_Write) refers to stm32746g_discovery_qspi.o(.text.BSP_QSPI_Write) for [Anonymous Symbol]
    stm32746g_discovery_qspi.o(.text.QSPI_WriteEnable) refers to stm32f7xx_hal_qspi.o(.text.HAL_QSPI_Command) for HAL_QSPI_Command
    stm32746g_discovery_qspi.o(.text.QSPI_WriteEnable) refers to stm32f7xx_hal_qspi.o(.text.HAL_QSPI_AutoPolling) for HAL_QSPI_AutoPolling
    stm32746g_discovery_qspi.o(.text.QSPI_WriteEnable) refers to stm32746g_discovery_qspi.o(.bss.QSPIHandle) for QSPIHandle
    stm32746g_discovery_qspi.o(.ARM.exidx.text.QSPI_WriteEnable) refers to stm32746g_discovery_qspi.o(.text.QSPI_WriteEnable) for [Anonymous Symbol]
    stm32746g_discovery_qspi.o(.text.QSPI_AutoPollingMemReady) refers to stm32f7xx_hal_qspi.o(.text.HAL_QSPI_AutoPolling) for HAL_QSPI_AutoPolling
    stm32746g_discovery_qspi.o(.text.QSPI_AutoPollingMemReady) refers to stm32746g_discovery_qspi.o(.bss.QSPIHandle) for QSPIHandle
    stm32746g_discovery_qspi.o(.ARM.exidx.text.QSPI_AutoPollingMemReady) refers to stm32746g_discovery_qspi.o(.text.QSPI_AutoPollingMemReady) for [Anonymous Symbol]
    stm32746g_discovery_qspi.o(.text.BSP_QSPI_Erase_Block) refers to stm32746g_discovery_qspi.o(.text.QSPI_WriteEnable) for QSPI_WriteEnable
    stm32746g_discovery_qspi.o(.text.BSP_QSPI_Erase_Block) refers to stm32746g_discovery_qspi.o(.text.OUTLINED_FUNCTION_3) for OUTLINED_FUNCTION_3
    stm32746g_discovery_qspi.o(.text.BSP_QSPI_Erase_Block) refers to stm32746g_discovery_qspi.o(.text.QSPI_AutoPollingMemReady) for QSPI_AutoPollingMemReady
    stm32746g_discovery_qspi.o(.text.BSP_QSPI_Erase_Block) refers to stm32746g_discovery_qspi.o(.bss.QSPIHandle) for QSPIHandle
    stm32746g_discovery_qspi.o(.ARM.exidx.text.BSP_QSPI_Erase_Block) refers to stm32746g_discovery_qspi.o(.text.BSP_QSPI_Erase_Block) for [Anonymous Symbol]
    stm32746g_discovery_qspi.o(.text.BSP_QSPI_Erase_Chip) refers to stm32746g_discovery_qspi.o(.text.QSPI_WriteEnable) for QSPI_WriteEnable
    stm32746g_discovery_qspi.o(.text.BSP_QSPI_Erase_Chip) refers to stm32746g_discovery_qspi.o(.text.OUTLINED_FUNCTION_3) for OUTLINED_FUNCTION_3
    stm32746g_discovery_qspi.o(.text.BSP_QSPI_Erase_Chip) refers to stm32746g_discovery_qspi.o(.text.QSPI_AutoPollingMemReady) for QSPI_AutoPollingMemReady
    stm32746g_discovery_qspi.o(.text.BSP_QSPI_Erase_Chip) refers to stm32746g_discovery_qspi.o(.bss.QSPIHandle) for QSPIHandle
    stm32746g_discovery_qspi.o(.ARM.exidx.text.BSP_QSPI_Erase_Chip) refers to stm32746g_discovery_qspi.o(.text.BSP_QSPI_Erase_Chip) for [Anonymous Symbol]
    stm32746g_discovery_qspi.o(.text.BSP_QSPI_GetStatus) refers to stm32746g_discovery_qspi.o(.text.OUTLINED_FUNCTION_4) for OUTLINED_FUNCTION_4
    stm32746g_discovery_qspi.o(.text.BSP_QSPI_GetStatus) refers to stm32f7xx_hal_qspi.o(.text.HAL_QSPI_Command) for HAL_QSPI_Command
    stm32746g_discovery_qspi.o(.text.BSP_QSPI_GetStatus) refers to stm32f7xx_hal_qspi.o(.text.HAL_QSPI_Receive) for HAL_QSPI_Receive
    stm32746g_discovery_qspi.o(.text.BSP_QSPI_GetStatus) refers to stm32746g_discovery_qspi.o(.bss.QSPIHandle) for QSPIHandle
    stm32746g_discovery_qspi.o(.ARM.exidx.text.BSP_QSPI_GetStatus) refers to stm32746g_discovery_qspi.o(.text.BSP_QSPI_GetStatus) for [Anonymous Symbol]
    stm32746g_discovery_qspi.o(.ARM.exidx.text.BSP_QSPI_GetInfo) refers to stm32746g_discovery_qspi.o(.text.BSP_QSPI_GetInfo) for [Anonymous Symbol]
    stm32746g_discovery_qspi.o(.text.BSP_QSPI_EnableMemoryMappedMode) refers to stm32f7xx_hal_qspi.o(.text.HAL_QSPI_MemoryMapped) for HAL_QSPI_MemoryMapped
    stm32746g_discovery_qspi.o(.text.BSP_QSPI_EnableMemoryMappedMode) refers to stm32746g_discovery_qspi.o(.bss.QSPIHandle) for QSPIHandle
    stm32746g_discovery_qspi.o(.ARM.exidx.text.BSP_QSPI_EnableMemoryMappedMode) refers to stm32746g_discovery_qspi.o(.text.BSP_QSPI_EnableMemoryMappedMode) for [Anonymous Symbol]
    stm32746g_discovery_qspi.o(.ARM.exidx.text.OUTLINED_FUNCTION_0) refers to stm32746g_discovery_qspi.o(.text.OUTLINED_FUNCTION_0) for [Anonymous Symbol]
    stm32746g_discovery_qspi.o(.ARM.exidx.text.OUTLINED_FUNCTION_1) refers to stm32746g_discovery_qspi.o(.text.OUTLINED_FUNCTION_1) for [Anonymous Symbol]
    stm32746g_discovery_qspi.o(.ARM.exidx.text.OUTLINED_FUNCTION_2) refers to stm32746g_discovery_qspi.o(.text.OUTLINED_FUNCTION_2) for [Anonymous Symbol]
    stm32746g_discovery_qspi.o(.text.OUTLINED_FUNCTION_3) refers to stm32f7xx_hal_qspi.o(.text.HAL_QSPI_Command) for HAL_QSPI_Command
    stm32746g_discovery_qspi.o(.ARM.exidx.text.OUTLINED_FUNCTION_3) refers to stm32746g_discovery_qspi.o(.text.OUTLINED_FUNCTION_3) for [Anonymous Symbol]
    stm32746g_discovery_qspi.o(.ARM.exidx.text.OUTLINED_FUNCTION_4) refers to stm32746g_discovery_qspi.o(.text.OUTLINED_FUNCTION_4) for [Anonymous Symbol]
    stm32746g_discovery_camera.o(.text.BSP_CAMERA_Init) refers to stm32746g_discovery_camera.o(.text.BSP_CAMERA_PwrUp) for BSP_CAMERA_PwrUp
    stm32746g_discovery_camera.o(.text.BSP_CAMERA_Init) refers to ov9655.o(.text.ov9655_ReadID) for ov9655_ReadID
    stm32746g_discovery_camera.o(.text.BSP_CAMERA_Init) refers to stm32746g_discovery_camera.o(.text.BSP_CAMERA_MspInit) for BSP_CAMERA_MspInit
    stm32746g_discovery_camera.o(.text.BSP_CAMERA_Init) refers to stm32f7xx_hal_dcmi.o(.text.HAL_DCMI_Init) for HAL_DCMI_Init
    stm32746g_discovery_camera.o(.text.BSP_CAMERA_Init) refers to stm32f7xx_hal_dcmi.o(.text.HAL_DCMI_ConfigCrop) for HAL_DCMI_ConfigCrop
    stm32746g_discovery_camera.o(.text.BSP_CAMERA_Init) refers to stm32f7xx_hal_dcmi.o(.text.HAL_DCMI_EnableCrop) for HAL_DCMI_EnableCrop
    stm32746g_discovery_camera.o(.text.BSP_CAMERA_Init) refers to stm32f7xx_hal_dcmi.o(.text.HAL_DCMI_DisableCrop) for HAL_DCMI_DisableCrop
    stm32746g_discovery_camera.o(.text.BSP_CAMERA_Init) refers to stm32746g_discovery_camera.o(.bss..L_MergedGlobals) for [Anonymous Symbol]
    stm32746g_discovery_camera.o(.text.BSP_CAMERA_Init) refers to ov9655.o(.data.ov9655_drv) for ov9655_drv
    stm32746g_discovery_camera.o(.ARM.exidx.text.BSP_CAMERA_Init) refers to stm32746g_discovery_camera.o(.text.BSP_CAMERA_Init) for [Anonymous Symbol]
    stm32746g_discovery_camera.o(.text.BSP_CAMERA_PwrUp) refers to stm32746g_discovery_camera.o(.text.OUTLINED_FUNCTION_1) for OUTLINED_FUNCTION_1
    stm32746g_discovery_camera.o(.text.BSP_CAMERA_PwrUp) refers to stm32f7xx_hal_gpio.o(.text.HAL_GPIO_Init) for HAL_GPIO_Init
    stm32746g_discovery_camera.o(.text.BSP_CAMERA_PwrUp) refers to stm32f7xx_hal_gpio.o(.text.HAL_GPIO_WritePin) for HAL_GPIO_WritePin
    stm32746g_discovery_camera.o(.text.BSP_CAMERA_PwrUp) refers to stm32f7xx_hal.o(.text.HAL_Delay) for HAL_Delay
    stm32746g_discovery_camera.o(.ARM.exidx.text.BSP_CAMERA_PwrUp) refers to stm32746g_discovery_camera.o(.text.BSP_CAMERA_PwrUp) for [Anonymous Symbol]
    stm32746g_discovery_camera.o(.text.BSP_CAMERA_MspInit) refers to stm32746g_discovery_camera.o(.text.OUTLINED_FUNCTION_2) for OUTLINED_FUNCTION_2
    stm32746g_discovery_camera.o(.text.BSP_CAMERA_MspInit) refers to stm32746g_discovery_camera.o(.text.OUTLINED_FUNCTION_0) for OUTLINED_FUNCTION_0
    stm32746g_discovery_camera.o(.text.BSP_CAMERA_MspInit) refers to stm32f7xx_hal_cortex.o(.text.HAL_NVIC_SetPriority) for HAL_NVIC_SetPriority
    stm32746g_discovery_camera.o(.text.BSP_CAMERA_MspInit) refers to stm32f7xx_hal_cortex.o(.text.HAL_NVIC_EnableIRQ) for HAL_NVIC_EnableIRQ
    stm32746g_discovery_camera.o(.text.BSP_CAMERA_MspInit) refers to stm32f7xx_hal_dma.o(.text.HAL_DMA_Init) for HAL_DMA_Init
    stm32746g_discovery_camera.o(.text.BSP_CAMERA_MspInit) refers to stm32f7xx_hal_gpio.o(.text.HAL_GPIO_Init) for HAL_GPIO_Init
    stm32746g_discovery_camera.o(.text.BSP_CAMERA_MspInit) refers to stm32746g_discovery_camera.o(.bss.BSP_CAMERA_MspInit.hdma_handler) for [Anonymous Symbol]
    stm32746g_discovery_camera.o(.ARM.exidx.text.BSP_CAMERA_MspInit) refers to stm32746g_discovery_camera.o(.text.BSP_CAMERA_MspInit) for [Anonymous Symbol]
    stm32746g_discovery_camera.o(.text.BSP_CAMERA_DeInit) refers to stm32f7xx_hal_dcmi.o(.text.HAL_DCMI_DeInit) for HAL_DCMI_DeInit
    stm32746g_discovery_camera.o(.text.BSP_CAMERA_DeInit) refers to stm32746g_discovery_camera.o(.text.BSP_CAMERA_MspDeInit) for BSP_CAMERA_MspDeInit
    stm32746g_discovery_camera.o(.text.BSP_CAMERA_DeInit) refers to stm32746g_discovery_camera.o(.bss..L_MergedGlobals) for [Anonymous Symbol]
    stm32746g_discovery_camera.o(.ARM.exidx.text.BSP_CAMERA_DeInit) refers to stm32746g_discovery_camera.o(.text.BSP_CAMERA_DeInit) for [Anonymous Symbol]
    stm32746g_discovery_camera.o(.text.BSP_CAMERA_MspDeInit) refers to stm32f7xx_hal_cortex.o(.text.HAL_NVIC_DisableIRQ) for HAL_NVIC_DisableIRQ
    stm32746g_discovery_camera.o(.text.BSP_CAMERA_MspDeInit) refers to stm32f7xx_hal_dma.o(.text.HAL_DMA_DeInit) for HAL_DMA_DeInit
    stm32746g_discovery_camera.o(.ARM.exidx.text.BSP_CAMERA_MspDeInit) refers to stm32746g_discovery_camera.o(.text.BSP_CAMERA_MspDeInit) for [Anonymous Symbol]
    stm32746g_discovery_camera.o(.text.BSP_CAMERA_ContinuousStart) refers to stm32746g_discovery_camera.o(.text.GetSize) for GetSize
    stm32746g_discovery_camera.o(.text.BSP_CAMERA_ContinuousStart) refers to stm32f7xx_hal_dcmi.o(.text.HAL_DCMI_Start_DMA) for HAL_DCMI_Start_DMA
    stm32746g_discovery_camera.o(.text.BSP_CAMERA_ContinuousStart) refers to stm32746g_discovery_camera.o(.bss..L_MergedGlobals) for [Anonymous Symbol]
    stm32746g_discovery_camera.o(.ARM.exidx.text.BSP_CAMERA_ContinuousStart) refers to stm32746g_discovery_camera.o(.text.BSP_CAMERA_ContinuousStart) for [Anonymous Symbol]
    stm32746g_discovery_camera.o(.ARM.exidx.text.GetSize) refers to stm32746g_discovery_camera.o(.text.GetSize) for [Anonymous Symbol]
    stm32746g_discovery_camera.o(.text.BSP_CAMERA_SnapshotStart) refers to stm32746g_discovery_camera.o(.text.GetSize) for GetSize
    stm32746g_discovery_camera.o(.text.BSP_CAMERA_SnapshotStart) refers to stm32f7xx_hal_dcmi.o(.text.HAL_DCMI_Start_DMA) for HAL_DCMI_Start_DMA
    stm32746g_discovery_camera.o(.text.BSP_CAMERA_SnapshotStart) refers to stm32746g_discovery_camera.o(.bss..L_MergedGlobals) for [Anonymous Symbol]
    stm32746g_discovery_camera.o(.ARM.exidx.text.BSP_CAMERA_SnapshotStart) refers to stm32746g_discovery_camera.o(.text.BSP_CAMERA_SnapshotStart) for [Anonymous Symbol]
    stm32746g_discovery_camera.o(.text.BSP_CAMERA_Suspend) refers to stm32f7xx_hal_dcmi.o(.text.HAL_DCMI_Suspend) for HAL_DCMI_Suspend
    stm32746g_discovery_camera.o(.text.BSP_CAMERA_Suspend) refers to stm32746g_discovery_camera.o(.bss..L_MergedGlobals) for [Anonymous Symbol]
    stm32746g_discovery_camera.o(.ARM.exidx.text.BSP_CAMERA_Suspend) refers to stm32746g_discovery_camera.o(.text.BSP_CAMERA_Suspend) for [Anonymous Symbol]
    stm32746g_discovery_camera.o(.text.BSP_CAMERA_Resume) refers to stm32f7xx_hal_dcmi.o(.text.HAL_DCMI_Resume) for HAL_DCMI_Resume
    stm32746g_discovery_camera.o(.text.BSP_CAMERA_Resume) refers to stm32746g_discovery_camera.o(.bss..L_MergedGlobals) for [Anonymous Symbol]
    stm32746g_discovery_camera.o(.ARM.exidx.text.BSP_CAMERA_Resume) refers to stm32746g_discovery_camera.o(.text.BSP_CAMERA_Resume) for [Anonymous Symbol]
    stm32746g_discovery_camera.o(.text.BSP_CAMERA_Stop) refers to stm32f7xx_hal_dcmi.o(.text.HAL_DCMI_Stop) for HAL_DCMI_Stop
    stm32746g_discovery_camera.o(.text.BSP_CAMERA_Stop) refers to stm32746g_discovery_camera.o(.text.BSP_CAMERA_PwrDown) for BSP_CAMERA_PwrDown
    stm32746g_discovery_camera.o(.text.BSP_CAMERA_Stop) refers to stm32746g_discovery_camera.o(.bss..L_MergedGlobals) for [Anonymous Symbol]
    stm32746g_discovery_camera.o(.ARM.exidx.text.BSP_CAMERA_Stop) refers to stm32746g_discovery_camera.o(.text.BSP_CAMERA_Stop) for [Anonymous Symbol]
    stm32746g_discovery_camera.o(.text.BSP_CAMERA_PwrDown) refers to stm32746g_discovery_camera.o(.text.OUTLINED_FUNCTION_1) for OUTLINED_FUNCTION_1
    stm32746g_discovery_camera.o(.text.BSP_CAMERA_PwrDown) refers to stm32f7xx_hal_gpio.o(.text.HAL_GPIO_Init) for HAL_GPIO_Init
    stm32746g_discovery_camera.o(.text.BSP_CAMERA_PwrDown) refers to stm32f7xx_hal_gpio.o(.text.HAL_GPIO_WritePin) for HAL_GPIO_WritePin
    stm32746g_discovery_camera.o(.ARM.exidx.text.BSP_CAMERA_PwrDown) refers to stm32746g_discovery_camera.o(.text.BSP_CAMERA_PwrDown) for [Anonymous Symbol]
    stm32746g_discovery_camera.o(.text.BSP_CAMERA_ContrastBrightnessConfig) refers to stm32746g_discovery_camera.o(.bss..L_MergedGlobals) for [Anonymous Symbol]
    stm32746g_discovery_camera.o(.ARM.exidx.text.BSP_CAMERA_ContrastBrightnessConfig) refers to stm32746g_discovery_camera.o(.text.BSP_CAMERA_ContrastBrightnessConfig) for [Anonymous Symbol]
    stm32746g_discovery_camera.o(.text.BSP_CAMERA_BlackWhiteConfig) refers to stm32746g_discovery_camera.o(.bss..L_MergedGlobals) for [Anonymous Symbol]
    stm32746g_discovery_camera.o(.ARM.exidx.text.BSP_CAMERA_BlackWhiteConfig) refers to stm32746g_discovery_camera.o(.text.BSP_CAMERA_BlackWhiteConfig) for [Anonymous Symbol]
    stm32746g_discovery_camera.o(.text.BSP_CAMERA_ColorEffectConfig) refers to stm32746g_discovery_camera.o(.bss..L_MergedGlobals) for [Anonymous Symbol]
    stm32746g_discovery_camera.o(.ARM.exidx.text.BSP_CAMERA_ColorEffectConfig) refers to stm32746g_discovery_camera.o(.text.BSP_CAMERA_ColorEffectConfig) for [Anonymous Symbol]
    stm32746g_discovery_camera.o(.text.HAL_DCMI_LineEventCallback) refers to stm32746g_discovery_camera.o(.text.BSP_CAMERA_LineEventCallback) for BSP_CAMERA_LineEventCallback
    stm32746g_discovery_camera.o(.ARM.exidx.text.HAL_DCMI_LineEventCallback) refers to stm32746g_discovery_camera.o(.text.HAL_DCMI_LineEventCallback) for [Anonymous Symbol]
    stm32746g_discovery_camera.o(.ARM.exidx.text.BSP_CAMERA_LineEventCallback) refers to stm32746g_discovery_camera.o(.text.BSP_CAMERA_LineEventCallback) for [Anonymous Symbol]
    stm32746g_discovery_camera.o(.text.HAL_DCMI_VsyncEventCallback) refers to stm32746g_discovery_camera.o(.text.BSP_CAMERA_VsyncEventCallback) for BSP_CAMERA_VsyncEventCallback
    stm32746g_discovery_camera.o(.ARM.exidx.text.HAL_DCMI_VsyncEventCallback) refers to stm32746g_discovery_camera.o(.text.HAL_DCMI_VsyncEventCallback) for [Anonymous Symbol]
    stm32746g_discovery_camera.o(.ARM.exidx.text.BSP_CAMERA_VsyncEventCallback) refers to stm32746g_discovery_camera.o(.text.BSP_CAMERA_VsyncEventCallback) for [Anonymous Symbol]
    stm32746g_discovery_camera.o(.text.HAL_DCMI_FrameEventCallback) refers to stm32746g_discovery_camera.o(.text.BSP_CAMERA_FrameEventCallback) for BSP_CAMERA_FrameEventCallback
    stm32746g_discovery_camera.o(.ARM.exidx.text.HAL_DCMI_FrameEventCallback) refers to stm32746g_discovery_camera.o(.text.HAL_DCMI_FrameEventCallback) for [Anonymous Symbol]
    stm32746g_discovery_camera.o(.ARM.exidx.text.BSP_CAMERA_FrameEventCallback) refers to stm32746g_discovery_camera.o(.text.BSP_CAMERA_FrameEventCallback) for [Anonymous Symbol]
    stm32746g_discovery_camera.o(.text.HAL_DCMI_ErrorCallback) refers to stm32746g_discovery_camera.o(.text.BSP_CAMERA_ErrorCallback) for BSP_CAMERA_ErrorCallback
    stm32746g_discovery_camera.o(.ARM.exidx.text.HAL_DCMI_ErrorCallback) refers to stm32746g_discovery_camera.o(.text.HAL_DCMI_ErrorCallback) for [Anonymous Symbol]
    stm32746g_discovery_camera.o(.ARM.exidx.text.BSP_CAMERA_ErrorCallback) refers to stm32746g_discovery_camera.o(.text.BSP_CAMERA_ErrorCallback) for [Anonymous Symbol]
    stm32746g_discovery_camera.o(.ARM.exidx.text.OUTLINED_FUNCTION_0) refers to stm32746g_discovery_camera.o(.text.OUTLINED_FUNCTION_0) for [Anonymous Symbol]
    stm32746g_discovery_camera.o(.ARM.exidx.text.OUTLINED_FUNCTION_1) refers to stm32746g_discovery_camera.o(.text.OUTLINED_FUNCTION_1) for [Anonymous Symbol]
    stm32746g_discovery_camera.o(.ARM.exidx.text.OUTLINED_FUNCTION_2) refers to stm32746g_discovery_camera.o(.text.OUTLINED_FUNCTION_2) for [Anonymous Symbol]
    stm32746g_discovery_sdram.o(.text.BSP_SDRAM_Init) refers to stm32746g_discovery_sdram.o(.text.BSP_SDRAM_MspInit) for BSP_SDRAM_MspInit
    stm32746g_discovery_sdram.o(.text.BSP_SDRAM_Init) refers to stm32f7xx_hal_sdram.o(.text.HAL_SDRAM_Init) for HAL_SDRAM_Init
    stm32746g_discovery_sdram.o(.text.BSP_SDRAM_Init) refers to stm32746g_discovery_sdram.o(.text.BSP_SDRAM_Initialization_sequence) for BSP_SDRAM_Initialization_sequence
    stm32746g_discovery_sdram.o(.text.BSP_SDRAM_Init) refers to stm32746g_discovery_sdram.o(.bss..L_MergedGlobals) for [Anonymous Symbol]
    stm32746g_discovery_sdram.o(.ARM.exidx.text.BSP_SDRAM_Init) refers to stm32746g_discovery_sdram.o(.text.BSP_SDRAM_Init) for [Anonymous Symbol]
    stm32746g_discovery_sdram.o(.text.BSP_SDRAM_MspInit) refers to stm32746g_discovery_sdram.o(.text.OUTLINED_FUNCTION_0) for OUTLINED_FUNCTION_0
    stm32746g_discovery_sdram.o(.text.BSP_SDRAM_MspInit) refers to stm32f7xx_hal_dma.o(.text.HAL_DMA_DeInit) for HAL_DMA_DeInit
    stm32746g_discovery_sdram.o(.text.BSP_SDRAM_MspInit) refers to stm32f7xx_hal_dma.o(.text.HAL_DMA_Init) for HAL_DMA_Init
    stm32746g_discovery_sdram.o(.text.BSP_SDRAM_MspInit) refers to stm32f7xx_hal_cortex.o(.text.HAL_NVIC_SetPriority) for HAL_NVIC_SetPriority
    stm32746g_discovery_sdram.o(.text.BSP_SDRAM_MspInit) refers to stm32f7xx_hal_cortex.o(.text.HAL_NVIC_EnableIRQ) for HAL_NVIC_EnableIRQ
    stm32746g_discovery_sdram.o(.text.BSP_SDRAM_MspInit) refers to stm32f7xx_hal_gpio.o(.text.HAL_GPIO_Init) for HAL_GPIO_Init
    stm32746g_discovery_sdram.o(.text.BSP_SDRAM_MspInit) refers to stm32746g_discovery_sdram.o(.bss.BSP_SDRAM_MspInit.dma_handle) for [Anonymous Symbol]
    stm32746g_discovery_sdram.o(.ARM.exidx.text.BSP_SDRAM_MspInit) refers to stm32746g_discovery_sdram.o(.text.BSP_SDRAM_MspInit) for [Anonymous Symbol]
    stm32746g_discovery_sdram.o(.text.BSP_SDRAM_Initialization_sequence) refers to stm32f7xx_hal.o(.text.HAL_Delay) for HAL_Delay
    stm32746g_discovery_sdram.o(.text.BSP_SDRAM_Initialization_sequence) refers to stm32f7xx_hal_sdram.o(.text.HAL_SDRAM_ProgramRefreshRate) for HAL_SDRAM_ProgramRefreshRate
    stm32746g_discovery_sdram.o(.text.BSP_SDRAM_Initialization_sequence) refers to stm32746g_discovery_sdram.o(.bss..L_MergedGlobals) for [Anonymous Symbol]
    stm32746g_discovery_sdram.o(.text.BSP_SDRAM_Initialization_sequence) refers to stm32f7xx_hal_sdram.o(.text.HAL_SDRAM_SendCommand) for HAL_SDRAM_SendCommand
    stm32746g_discovery_sdram.o(.ARM.exidx.text.BSP_SDRAM_Initialization_sequence) refers to stm32746g_discovery_sdram.o(.text.BSP_SDRAM_Initialization_sequence) for [Anonymous Symbol]
    stm32746g_discovery_sdram.o(.text.BSP_SDRAM_DeInit) refers to stm32f7xx_hal_sdram.o(.text.HAL_SDRAM_DeInit) for HAL_SDRAM_DeInit
    stm32746g_discovery_sdram.o(.text.BSP_SDRAM_DeInit) refers to stm32746g_discovery_sdram.o(.text.BSP_SDRAM_MspDeInit) for BSP_SDRAM_MspDeInit
    stm32746g_discovery_sdram.o(.text.BSP_SDRAM_DeInit) refers to stm32746g_discovery_sdram.o(.bss..L_MergedGlobals) for [Anonymous Symbol]
    stm32746g_discovery_sdram.o(.ARM.exidx.text.BSP_SDRAM_DeInit) refers to stm32746g_discovery_sdram.o(.text.BSP_SDRAM_DeInit) for [Anonymous Symbol]
    stm32746g_discovery_sdram.o(.text.BSP_SDRAM_MspDeInit) refers to stm32f7xx_hal_cortex.o(.text.HAL_NVIC_DisableIRQ) for HAL_NVIC_DisableIRQ
    stm32746g_discovery_sdram.o(.text.BSP_SDRAM_MspDeInit) refers to stm32f7xx_hal_dma.o(.text.HAL_DMA_DeInit) for HAL_DMA_DeInit
    stm32746g_discovery_sdram.o(.text.BSP_SDRAM_MspDeInit) refers to stm32746g_discovery_sdram.o(.bss.BSP_SDRAM_MspDeInit.dma_handle) for [Anonymous Symbol]
    stm32746g_discovery_sdram.o(.ARM.exidx.text.BSP_SDRAM_MspDeInit) refers to stm32746g_discovery_sdram.o(.text.BSP_SDRAM_MspDeInit) for [Anonymous Symbol]
    stm32746g_discovery_sdram.o(.text.BSP_SDRAM_ReadData) refers to stm32f7xx_hal_sdram.o(.text.HAL_SDRAM_Read_32b) for HAL_SDRAM_Read_32b
    stm32746g_discovery_sdram.o(.text.BSP_SDRAM_ReadData) refers to stm32746g_discovery_sdram.o(.bss..L_MergedGlobals) for [Anonymous Symbol]
    stm32746g_discovery_sdram.o(.ARM.exidx.text.BSP_SDRAM_ReadData) refers to stm32746g_discovery_sdram.o(.text.BSP_SDRAM_ReadData) for [Anonymous Symbol]
    stm32746g_discovery_sdram.o(.text.BSP_SDRAM_ReadData_DMA) refers to stm32f7xx_hal_sdram.o(.text.HAL_SDRAM_Read_DMA) for HAL_SDRAM_Read_DMA
    stm32746g_discovery_sdram.o(.text.BSP_SDRAM_ReadData_DMA) refers to stm32746g_discovery_sdram.o(.bss..L_MergedGlobals) for [Anonymous Symbol]
    stm32746g_discovery_sdram.o(.ARM.exidx.text.BSP_SDRAM_ReadData_DMA) refers to stm32746g_discovery_sdram.o(.text.BSP_SDRAM_ReadData_DMA) for [Anonymous Symbol]
    stm32746g_discovery_sdram.o(.text.BSP_SDRAM_WriteData) refers to stm32f7xx_hal_sdram.o(.text.HAL_SDRAM_Write_32b) for HAL_SDRAM_Write_32b
    stm32746g_discovery_sdram.o(.text.BSP_SDRAM_WriteData) refers to stm32746g_discovery_sdram.o(.bss..L_MergedGlobals) for [Anonymous Symbol]
    stm32746g_discovery_sdram.o(.ARM.exidx.text.BSP_SDRAM_WriteData) refers to stm32746g_discovery_sdram.o(.text.BSP_SDRAM_WriteData) for [Anonymous Symbol]
    stm32746g_discovery_sdram.o(.text.BSP_SDRAM_WriteData_DMA) refers to stm32f7xx_hal_sdram.o(.text.HAL_SDRAM_Write_DMA) for HAL_SDRAM_Write_DMA
    stm32746g_discovery_sdram.o(.text.BSP_SDRAM_WriteData_DMA) refers to stm32746g_discovery_sdram.o(.bss..L_MergedGlobals) for [Anonymous Symbol]
    stm32746g_discovery_sdram.o(.ARM.exidx.text.BSP_SDRAM_WriteData_DMA) refers to stm32746g_discovery_sdram.o(.text.BSP_SDRAM_WriteData_DMA) for [Anonymous Symbol]
    stm32746g_discovery_sdram.o(.text.BSP_SDRAM_Sendcmd) refers to stm32f7xx_hal_sdram.o(.text.HAL_SDRAM_SendCommand) for HAL_SDRAM_SendCommand
    stm32746g_discovery_sdram.o(.text.BSP_SDRAM_Sendcmd) refers to stm32746g_discovery_sdram.o(.bss..L_MergedGlobals) for [Anonymous Symbol]
    stm32746g_discovery_sdram.o(.ARM.exidx.text.BSP_SDRAM_Sendcmd) refers to stm32746g_discovery_sdram.o(.text.BSP_SDRAM_Sendcmd) for [Anonymous Symbol]
    stm32746g_discovery_sdram.o(.ARM.exidx.text.OUTLINED_FUNCTION_0) refers to stm32746g_discovery_sdram.o(.text.OUTLINED_FUNCTION_0) for [Anonymous Symbol]
    stm32746g_discovery_eeprom.o(.text.BSP_EEPROM_Init) refers to stm32746g_discovery.o(.text.EEPROM_IO_Init) for EEPROM_IO_Init
    stm32746g_discovery_eeprom.o(.text.BSP_EEPROM_Init) refers to stm32746g_discovery.o(.text.EEPROM_IO_IsDeviceReady) for EEPROM_IO_IsDeviceReady
    stm32746g_discovery_eeprom.o(.text.BSP_EEPROM_Init) refers to stm32746g_discovery_eeprom.o(.bss..L_MergedGlobals) for [Anonymous Symbol]
    stm32746g_discovery_eeprom.o(.ARM.exidx.text.BSP_EEPROM_Init) refers to stm32746g_discovery_eeprom.o(.text.BSP_EEPROM_Init) for [Anonymous Symbol]
    stm32746g_discovery_eeprom.o(.ARM.exidx.text.BSP_EEPROM_DeInit) refers to stm32746g_discovery_eeprom.o(.text.BSP_EEPROM_DeInit) for [Anonymous Symbol]
    stm32746g_discovery_eeprom.o(.text.BSP_EEPROM_ReadBuffer) refers to stm32746g_discovery.o(.text.EEPROM_IO_ReadData) for EEPROM_IO_ReadData
    stm32746g_discovery_eeprom.o(.text.BSP_EEPROM_ReadBuffer) refers to stm32746g_discovery_eeprom.o(.text.BSP_EEPROM_TIMEOUT_UserCallback) for BSP_EEPROM_TIMEOUT_UserCallback
    stm32746g_discovery_eeprom.o(.text.BSP_EEPROM_ReadBuffer) refers to stm32746g_discovery_eeprom.o(.bss..L_MergedGlobals) for [Anonymous Symbol]
    stm32746g_discovery_eeprom.o(.ARM.exidx.text.BSP_EEPROM_ReadBuffer) refers to stm32746g_discovery_eeprom.o(.text.BSP_EEPROM_ReadBuffer) for [Anonymous Symbol]
    stm32746g_discovery_eeprom.o(.ARM.exidx.text.BSP_EEPROM_TIMEOUT_UserCallback) refers to stm32746g_discovery_eeprom.o(.text.BSP_EEPROM_TIMEOUT_UserCallback) for [Anonymous Symbol]
    stm32746g_discovery_eeprom.o(.text.BSP_EEPROM_WritePage) refers to stm32746g_discovery.o(.text.EEPROM_IO_WriteData) for EEPROM_IO_WriteData
    stm32746g_discovery_eeprom.o(.text.BSP_EEPROM_WritePage) refers to stm32746g_discovery_eeprom.o(.text.BSP_EEPROM_TIMEOUT_UserCallback) for BSP_EEPROM_TIMEOUT_UserCallback
    stm32746g_discovery_eeprom.o(.text.BSP_EEPROM_WritePage) refers to stm32746g_discovery_eeprom.o(.text.BSP_EEPROM_WaitEepromStandbyState) for BSP_EEPROM_WaitEepromStandbyState
    stm32746g_discovery_eeprom.o(.text.BSP_EEPROM_WritePage) refers to stm32746g_discovery_eeprom.o(.bss..L_MergedGlobals) for [Anonymous Symbol]
    stm32746g_discovery_eeprom.o(.ARM.exidx.text.BSP_EEPROM_WritePage) refers to stm32746g_discovery_eeprom.o(.text.BSP_EEPROM_WritePage) for [Anonymous Symbol]
    stm32746g_discovery_eeprom.o(.text.BSP_EEPROM_WaitEepromStandbyState) refers to stm32746g_discovery.o(.text.EEPROM_IO_IsDeviceReady) for EEPROM_IO_IsDeviceReady
    stm32746g_discovery_eeprom.o(.text.BSP_EEPROM_WaitEepromStandbyState) refers to stm32746g_discovery_eeprom.o(.text.BSP_EEPROM_TIMEOUT_UserCallback) for BSP_EEPROM_TIMEOUT_UserCallback
    stm32746g_discovery_eeprom.o(.text.BSP_EEPROM_WaitEepromStandbyState) refers to stm32746g_discovery_eeprom.o(.bss..L_MergedGlobals) for [Anonymous Symbol]
    stm32746g_discovery_eeprom.o(.ARM.exidx.text.BSP_EEPROM_WaitEepromStandbyState) refers to stm32746g_discovery_eeprom.o(.text.BSP_EEPROM_WaitEepromStandbyState) for [Anonymous Symbol]
    stm32746g_discovery_eeprom.o(.text.BSP_EEPROM_WriteBuffer) refers to stm32746g_discovery_eeprom.o(.text.OUTLINED_FUNCTION_0) for OUTLINED_FUNCTION_0
    stm32746g_discovery_eeprom.o(.text.BSP_EEPROM_WriteBuffer) refers to stm32746g_discovery_eeprom.o(.text.BSP_EEPROM_WritePage) for BSP_EEPROM_WritePage
    stm32746g_discovery_eeprom.o(.ARM.exidx.text.BSP_EEPROM_WriteBuffer) refers to stm32746g_discovery_eeprom.o(.text.BSP_EEPROM_WriteBuffer) for [Anonymous Symbol]
    stm32746g_discovery_eeprom.o(.text.OUTLINED_FUNCTION_0) refers to stm32746g_discovery_eeprom.o(.text.BSP_EEPROM_WritePage) for BSP_EEPROM_WritePage
    stm32746g_discovery_eeprom.o(.ARM.exidx.text.OUTLINED_FUNCTION_0) refers to stm32746g_discovery_eeprom.o(.text.OUTLINED_FUNCTION_0) for [Anonymous Symbol]
    log10.o(i.__hardfp_log10) refers (Special) to iusefp.o(.text) for __I$use$fp
    log10.o(i.__hardfp_log10) refers to dunder.o(i.__mathlib_dbl_infnan) for __mathlib_dbl_infnan
    log10.o(i.__hardfp_log10) refers to errno.o(i.__set_errno) for __set_errno
    log10.o(i.__hardfp_log10) refers to dunder.o(i.__mathlib_dbl_invalid) for __mathlib_dbl_invalid
    log10.o(i.__hardfp_log10) refers to dunder.o(i.__mathlib_dbl_divzero) for __mathlib_dbl_divzero
    log10.o(i.__hardfp_log10) refers to dmul.o(.text) for __aeabi_dmul
    log10.o(i.__hardfp_log10) refers to dflti.o(.text) for __aeabi_i2d
    log10.o(i.__hardfp_log10) refers to log.o(i.log) for log
    log10.o(i.__hardfp_log10) refers to dadd.o(.text) for __aeabi_dadd
    log10.o(i.__softfp_log10) refers (Special) to iusefp.o(.text) for __I$use$fp
    log10.o(i.__softfp_log10) refers to log10.o(i.__hardfp_log10) for __hardfp_log10
    log10.o(i.log10) refers (Special) to iusefp.o(.text) for __I$use$fp
    log10.o(i.log10) refers to log10.o(i.__hardfp_log10) for __hardfp_log10
    entry.o(.ARM.Collect$$$$00000000) refers (Special) to entry10a.o(.ARM.Collect$$$$0000000D) for __rt_final_cpp
    entry.o(.ARM.Collect$$$$00000000) refers (Special) to entry11a.o(.ARM.Collect$$$$0000000F) for __rt_final_exit
    entry.o(.ARM.Collect$$$$00000000) refers (Special) to entry7b.o(.ARM.Collect$$$$00000008) for _main_clock
    entry.o(.ARM.Collect$$$$00000000) refers (Special) to entry8b.o(.ARM.Collect$$$$0000000A) for _main_cpp_init
    entry.o(.ARM.Collect$$$$00000000) refers (Special) to entry9a.o(.ARM.Collect$$$$0000000B) for _main_init
    entry.o(.ARM.Collect$$$$00000000) refers (Special) to entry5.o(.ARM.Collect$$$$00000004) for _main_scatterload
    entry.o(.ARM.Collect$$$$00000000) refers (Special) to entry2.o(.ARM.Collect$$$$00000001) for _main_stk
    uldiv.o(.text) refers to llushr.o(.text) for __aeabi_llsr
    uldiv.o(.text) refers to llshl.o(.text) for __aeabi_llsl
    printfb.o(i.__0fprintf$bare) refers to printfb.o(i._printf_core) for _printf_core
    printfb.o(i.__0fprintf$bare) refers to fputc.o(i.fputc) for fputc
    printfb.o(i.__0printf$bare) refers to printfb.o(i._printf_core) for _printf_core
    printfb.o(i.__0printf$bare) refers to fputc.o(i.fputc) for fputc
    printfb.o(i.__0printf$bare) refers to stdout.o(.data) for __stdout
    printfb.o(i.__0snprintf$bare) refers to printfb.o(i._printf_core) for _printf_core
    printfb.o(i.__0snprintf$bare) refers to printfb.o(i._snputc) for _snputc
    printfb.o(i.__0sprintf$bare) refers to printfb.o(i._printf_core) for _printf_core
    printfb.o(i.__0sprintf$bare) refers to printfb.o(i._sputc) for _sputc
    printfb.o(i.__0vfprintf$bare) refers to printfb.o(i._printf_core) for _printf_core
    printfb.o(i.__0vfprintf$bare) refers to fputc.o(i.fputc) for fputc
    printfb.o(i.__0vprintf$bare) refers to printfb.o(i._printf_core) for _printf_core
    printfb.o(i.__0vprintf$bare) refers to fputc.o(i.fputc) for fputc
    printfb.o(i.__0vprintf$bare) refers to stdout.o(.data) for __stdout
    printfb.o(i.__0vsnprintf$bare) refers to printfb.o(i._printf_core) for _printf_core
    printfb.o(i.__0vsnprintf$bare) refers to printfb.o(i._snputc) for _snputc
    printfb.o(i.__0vsprintf$bare) refers to printfb.o(i._printf_core) for _printf_core
    printfb.o(i.__0vsprintf$bare) refers to printfb.o(i._sputc) for _sputc
    printf0.o(i.__0fprintf$0) refers to printf0.o(i._printf_core) for _printf_core
    printf0.o(i.__0fprintf$0) refers to fputc.o(i.fputc) for fputc
    printf0.o(i.__0printf$0) refers to printf0.o(i._printf_core) for _printf_core
    printf0.o(i.__0printf$0) refers to fputc.o(i.fputc) for fputc
    printf0.o(i.__0printf$0) refers to stdout.o(.data) for __stdout
    printf0.o(i.__0snprintf$0) refers to printf0.o(i._printf_core) for _printf_core
    printf0.o(i.__0snprintf$0) refers to printf0.o(i._snputc) for _snputc
    printf0.o(i.__0sprintf$0) refers to printf0.o(i._printf_core) for _printf_core
    printf0.o(i.__0sprintf$0) refers to printf0.o(i._sputc) for _sputc
    printf0.o(i.__0vfprintf$0) refers to printf0.o(i._printf_core) for _printf_core
    printf0.o(i.__0vfprintf$0) refers to fputc.o(i.fputc) for fputc
    printf0.o(i.__0vprintf$0) refers to printf0.o(i._printf_core) for _printf_core
    printf0.o(i.__0vprintf$0) refers to fputc.o(i.fputc) for fputc
    printf0.o(i.__0vprintf$0) refers to stdout.o(.data) for __stdout
    printf0.o(i.__0vsnprintf$0) refers to printf0.o(i._printf_core) for _printf_core
    printf0.o(i.__0vsnprintf$0) refers to printf0.o(i._snputc) for _snputc
    printf0.o(i.__0vsprintf$0) refers to printf0.o(i._printf_core) for _printf_core
    printf0.o(i.__0vsprintf$0) refers to printf0.o(i._sputc) for _sputc
    printf1.o(i.__0fprintf$1) refers to printf1.o(i._printf_core) for _printf_core
    printf1.o(i.__0fprintf$1) refers to fputc.o(i.fputc) for fputc
    printf1.o(i.__0printf$1) refers to printf1.o(i._printf_core) for _printf_core
    printf1.o(i.__0printf$1) refers to fputc.o(i.fputc) for fputc
    printf1.o(i.__0printf$1) refers to stdout.o(.data) for __stdout
    printf1.o(i.__0snprintf$1) refers to printf1.o(i._printf_core) for _printf_core
    printf1.o(i.__0snprintf$1) refers to printf1.o(i._snputc) for _snputc
    printf1.o(i.__0sprintf$1) refers to printf1.o(i._printf_core) for _printf_core
    printf1.o(i.__0sprintf$1) refers to printf1.o(i._sputc) for _sputc
    printf1.o(i.__0vfprintf$1) refers to printf1.o(i._printf_core) for _printf_core
    printf1.o(i.__0vfprintf$1) refers to fputc.o(i.fputc) for fputc
    printf1.o(i.__0vprintf$1) refers to printf1.o(i._printf_core) for _printf_core
    printf1.o(i.__0vprintf$1) refers to fputc.o(i.fputc) for fputc
    printf1.o(i.__0vprintf$1) refers to stdout.o(.data) for __stdout
    printf1.o(i.__0vsnprintf$1) refers to printf1.o(i._printf_core) for _printf_core
    printf1.o(i.__0vsnprintf$1) refers to printf1.o(i._snputc) for _snputc
    printf1.o(i.__0vsprintf$1) refers to printf1.o(i._printf_core) for _printf_core
    printf1.o(i.__0vsprintf$1) refers to printf1.o(i._sputc) for _sputc
    printf1.o(i._printf_core) refers to uidiv.o(.text) for __aeabi_uidivmod
    printf2.o(i.__0fprintf$2) refers to printf2.o(i._printf_core) for _printf_core
    printf2.o(i.__0fprintf$2) refers to fputc.o(i.fputc) for fputc
    printf2.o(i.__0printf$2) refers to printf2.o(i._printf_core) for _printf_core
    printf2.o(i.__0printf$2) refers to fputc.o(i.fputc) for fputc
    printf2.o(i.__0printf$2) refers to stdout.o(.data) for __stdout
    printf2.o(i.__0snprintf$2) refers to printf2.o(i._printf_core) for _printf_core
    printf2.o(i.__0snprintf$2) refers to printf2.o(i._snputc) for _snputc
    printf2.o(i.__0sprintf$2) refers to printf2.o(i._printf_core) for _printf_core
    printf2.o(i.__0sprintf$2) refers to printf2.o(i._sputc) for _sputc
    printf2.o(i.__0vfprintf$2) refers to printf2.o(i._printf_core) for _printf_core
    printf2.o(i.__0vfprintf$2) refers to fputc.o(i.fputc) for fputc
    printf2.o(i.__0vprintf$2) refers to printf2.o(i._printf_core) for _printf_core
    printf2.o(i.__0vprintf$2) refers to fputc.o(i.fputc) for fputc
    printf2.o(i.__0vprintf$2) refers to stdout.o(.data) for __stdout
    printf2.o(i.__0vsnprintf$2) refers to printf2.o(i._printf_core) for _printf_core
    printf2.o(i.__0vsnprintf$2) refers to printf2.o(i._snputc) for _snputc
    printf2.o(i.__0vsprintf$2) refers to printf2.o(i._printf_core) for _printf_core
    printf2.o(i.__0vsprintf$2) refers to printf2.o(i._sputc) for _sputc
    printf3.o(i.__0fprintf$3) refers to printf3.o(i._printf_core) for _printf_core
    printf3.o(i.__0fprintf$3) refers to fputc.o(i.fputc) for fputc
    printf3.o(i.__0printf$3) refers to printf3.o(i._printf_core) for _printf_core
    printf3.o(i.__0printf$3) refers to fputc.o(i.fputc) for fputc
    printf3.o(i.__0printf$3) refers to stdout.o(.data) for __stdout
    printf3.o(i.__0snprintf$3) refers to printf3.o(i._printf_core) for _printf_core
    printf3.o(i.__0snprintf$3) refers to printf3.o(i._snputc) for _snputc
    printf3.o(i.__0sprintf$3) refers to printf3.o(i._printf_core) for _printf_core
    printf3.o(i.__0sprintf$3) refers to printf3.o(i._sputc) for _sputc
    printf3.o(i.__0vfprintf$3) refers to printf3.o(i._printf_core) for _printf_core
    printf3.o(i.__0vfprintf$3) refers to fputc.o(i.fputc) for fputc
    printf3.o(i.__0vprintf$3) refers to printf3.o(i._printf_core) for _printf_core
    printf3.o(i.__0vprintf$3) refers to fputc.o(i.fputc) for fputc
    printf3.o(i.__0vprintf$3) refers to stdout.o(.data) for __stdout
    printf3.o(i.__0vsnprintf$3) refers to printf3.o(i._printf_core) for _printf_core
    printf3.o(i.__0vsnprintf$3) refers to printf3.o(i._snputc) for _snputc
    printf3.o(i.__0vsprintf$3) refers to printf3.o(i._printf_core) for _printf_core
    printf3.o(i.__0vsprintf$3) refers to printf3.o(i._sputc) for _sputc
    printf3.o(i._printf_core) refers to uidiv.o(.text) for __aeabi_uidivmod
    printf4.o(i.__0fprintf$4) refers to printf4.o(i._printf_core) for _printf_core
    printf4.o(i.__0fprintf$4) refers to fputc.o(i.fputc) for fputc
    printf4.o(i.__0printf$4) refers to printf4.o(i._printf_core) for _printf_core
    printf4.o(i.__0printf$4) refers to fputc.o(i.fputc) for fputc
    printf4.o(i.__0printf$4) refers to stdout.o(.data) for __stdout
    printf4.o(i.__0snprintf$4) refers to printf4.o(i._printf_core) for _printf_core
    printf4.o(i.__0snprintf$4) refers to printf4.o(i._snputc) for _snputc
    printf4.o(i.__0sprintf$4) refers to printf4.o(i._printf_core) for _printf_core
    printf4.o(i.__0sprintf$4) refers to printf4.o(i._sputc) for _sputc
    printf4.o(i.__0vfprintf$4) refers to printf4.o(i._printf_core) for _printf_core
    printf4.o(i.__0vfprintf$4) refers to fputc.o(i.fputc) for fputc
    printf4.o(i.__0vprintf$4) refers to printf4.o(i._printf_core) for _printf_core
    printf4.o(i.__0vprintf$4) refers to fputc.o(i.fputc) for fputc
    printf4.o(i.__0vprintf$4) refers to stdout.o(.data) for __stdout
    printf4.o(i.__0vsnprintf$4) refers to printf4.o(i._printf_core) for _printf_core
    printf4.o(i.__0vsnprintf$4) refers to printf4.o(i._snputc) for _snputc
    printf4.o(i.__0vsprintf$4) refers to printf4.o(i._printf_core) for _printf_core
    printf4.o(i.__0vsprintf$4) refers to printf4.o(i._sputc) for _sputc
    printf4.o(i._printf_core) refers to uldiv.o(.text) for __aeabi_uldivmod
    printf5.o(i.__0fprintf$5) refers to printf5.o(i._printf_core) for _printf_core
    printf5.o(i.__0fprintf$5) refers to fputc.o(i.fputc) for fputc
    printf5.o(i.__0printf$5) refers to printf5.o(i._printf_core) for _printf_core
    printf5.o(i.__0printf$5) refers to fputc.o(i.fputc) for fputc
    printf5.o(i.__0printf$5) refers to stdout.o(.data) for __stdout
    printf5.o(i.__0snprintf$5) refers to printf5.o(i._printf_core) for _printf_core
    printf5.o(i.__0snprintf$5) refers to printf5.o(i._snputc) for _snputc
    printf5.o(i.__0sprintf$5) refers to printf5.o(i._printf_core) for _printf_core
    printf5.o(i.__0sprintf$5) refers to printf5.o(i._sputc) for _sputc
    printf5.o(i.__0vfprintf$5) refers to printf5.o(i._printf_core) for _printf_core
    printf5.o(i.__0vfprintf$5) refers to fputc.o(i.fputc) for fputc
    printf5.o(i.__0vprintf$5) refers to printf5.o(i._printf_core) for _printf_core
    printf5.o(i.__0vprintf$5) refers to fputc.o(i.fputc) for fputc
    printf5.o(i.__0vprintf$5) refers to stdout.o(.data) for __stdout
    printf5.o(i.__0vsnprintf$5) refers to printf5.o(i._printf_core) for _printf_core
    printf5.o(i.__0vsnprintf$5) refers to printf5.o(i._snputc) for _snputc
    printf5.o(i.__0vsprintf$5) refers to printf5.o(i._printf_core) for _printf_core
    printf5.o(i.__0vsprintf$5) refers to printf5.o(i._sputc) for _sputc
    printf5.o(i._printf_core) refers to uldiv.o(.text) for __aeabi_uldivmod
    printf6.o(i.__0fprintf$6) refers to printf6.o(i._printf_core) for _printf_core
    printf6.o(i.__0fprintf$6) refers to fputc.o(i.fputc) for fputc
    printf6.o(i.__0printf$6) refers to printf6.o(i._printf_core) for _printf_core
    printf6.o(i.__0printf$6) refers to fputc.o(i.fputc) for fputc
    printf6.o(i.__0printf$6) refers to stdout.o(.data) for __stdout
    printf6.o(i.__0snprintf$6) refers to printf6.o(i._printf_core) for _printf_core
    printf6.o(i.__0snprintf$6) refers to printf6.o(i._snputc) for _snputc
    printf6.o(i.__0sprintf$6) refers to printf6.o(i._printf_core) for _printf_core
    printf6.o(i.__0sprintf$6) refers to printf6.o(i._sputc) for _sputc
    printf6.o(i.__0vfprintf$6) refers to printf6.o(i._printf_core) for _printf_core
    printf6.o(i.__0vfprintf$6) refers to fputc.o(i.fputc) for fputc
    printf6.o(i.__0vprintf$6) refers to printf6.o(i._printf_core) for _printf_core
    printf6.o(i.__0vprintf$6) refers to fputc.o(i.fputc) for fputc
    printf6.o(i.__0vprintf$6) refers to stdout.o(.data) for __stdout
    printf6.o(i.__0vsnprintf$6) refers to printf6.o(i._printf_core) for _printf_core
    printf6.o(i.__0vsnprintf$6) refers to printf6.o(i._snputc) for _snputc
    printf6.o(i.__0vsprintf$6) refers to printf6.o(i._printf_core) for _printf_core
    printf6.o(i.__0vsprintf$6) refers to printf6.o(i._sputc) for _sputc
    printf6.o(i._printf_core) refers to printf6.o(i._printf_pre_padding) for _printf_pre_padding
    printf6.o(i._printf_core) refers to uidiv.o(.text) for __aeabi_uidivmod
    printf6.o(i._printf_core) refers to printf6.o(i._printf_post_padding) for _printf_post_padding
    printf7.o(i.__0fprintf$7) refers to printf7.o(i._printf_core) for _printf_core
    printf7.o(i.__0fprintf$7) refers to fputc.o(i.fputc) for fputc
    printf7.o(i.__0printf$7) refers to printf7.o(i._printf_core) for _printf_core
    printf7.o(i.__0printf$7) refers to fputc.o(i.fputc) for fputc
    printf7.o(i.__0printf$7) refers to stdout.o(.data) for __stdout
    printf7.o(i.__0snprintf$7) refers to printf7.o(i._printf_core) for _printf_core
    printf7.o(i.__0snprintf$7) refers to printf7.o(i._snputc) for _snputc
    printf7.o(i.__0sprintf$7) refers to printf7.o(i._printf_core) for _printf_core
    printf7.o(i.__0sprintf$7) refers to printf7.o(i._sputc) for _sputc
    printf7.o(i.__0vfprintf$7) refers to printf7.o(i._printf_core) for _printf_core
    printf7.o(i.__0vfprintf$7) refers to fputc.o(i.fputc) for fputc
    printf7.o(i.__0vprintf$7) refers to printf7.o(i._printf_core) for _printf_core
    printf7.o(i.__0vprintf$7) refers to fputc.o(i.fputc) for fputc
    printf7.o(i.__0vprintf$7) refers to stdout.o(.data) for __stdout
    printf7.o(i.__0vsnprintf$7) refers to printf7.o(i._printf_core) for _printf_core
    printf7.o(i.__0vsnprintf$7) refers to printf7.o(i._snputc) for _snputc
    printf7.o(i.__0vsprintf$7) refers to printf7.o(i._printf_core) for _printf_core
    printf7.o(i.__0vsprintf$7) refers to printf7.o(i._sputc) for _sputc
    printf7.o(i._printf_core) refers to printf7.o(i._printf_pre_padding) for _printf_pre_padding
    printf7.o(i._printf_core) refers to uldiv.o(.text) for __aeabi_uldivmod
    printf7.o(i._printf_core) refers to printf7.o(i._printf_post_padding) for _printf_post_padding
    printf8.o(i.__0fprintf$8) refers to printf8.o(i._printf_core) for _printf_core
    printf8.o(i.__0fprintf$8) refers to fputc.o(i.fputc) for fputc
    printf8.o(i.__0printf$8) refers to printf8.o(i._printf_core) for _printf_core
    printf8.o(i.__0printf$8) refers to fputc.o(i.fputc) for fputc
    printf8.o(i.__0printf$8) refers to stdout.o(.data) for __stdout
    printf8.o(i.__0snprintf$8) refers to printf8.o(i._printf_core) for _printf_core
    printf8.o(i.__0snprintf$8) refers to printf8.o(i._snputc) for _snputc
    printf8.o(i.__0sprintf$8) refers to printf8.o(i._printf_core) for _printf_core
    printf8.o(i.__0sprintf$8) refers to printf8.o(i._sputc) for _sputc
    printf8.o(i.__0vfprintf$8) refers to printf8.o(i._printf_core) for _printf_core
    printf8.o(i.__0vfprintf$8) refers to fputc.o(i.fputc) for fputc
    printf8.o(i.__0vprintf$8) refers to printf8.o(i._printf_core) for _printf_core
    printf8.o(i.__0vprintf$8) refers to fputc.o(i.fputc) for fputc
    printf8.o(i.__0vprintf$8) refers to stdout.o(.data) for __stdout
    printf8.o(i.__0vsnprintf$8) refers to printf8.o(i._printf_core) for _printf_core
    printf8.o(i.__0vsnprintf$8) refers to printf8.o(i._snputc) for _snputc
    printf8.o(i.__0vsprintf$8) refers to printf8.o(i._printf_core) for _printf_core
    printf8.o(i.__0vsprintf$8) refers to printf8.o(i._sputc) for _sputc
    printf8.o(i._printf_core) refers to printf8.o(i._printf_pre_padding) for _printf_pre_padding
    printf8.o(i._printf_core) refers to uldiv.o(.text) for __aeabi_uldivmod
    printf8.o(i._printf_core) refers to printf8.o(i._printf_post_padding) for _printf_post_padding
    printfa.o(i.__0fprintf) refers (Special) to iusefp.o(.text) for __I$use$fp
    printfa.o(i.__0fprintf) refers to printfa.o(i._printf_core) for _printf_core
    printfa.o(i.__0fprintf) refers to fputc.o(i.fputc) for fputc
    printfa.o(i.__0printf) refers (Special) to iusefp.o(.text) for __I$use$fp
    printfa.o(i.__0printf) refers to printfa.o(i._printf_core) for _printf_core
    printfa.o(i.__0printf) refers to fputc.o(i.fputc) for fputc
    printfa.o(i.__0printf) refers to stdout.o(.data) for __stdout
    printfa.o(i.__0snprintf) refers (Special) to iusefp.o(.text) for __I$use$fp
    printfa.o(i.__0snprintf) refers to printfa.o(i._printf_core) for _printf_core
    printfa.o(i.__0snprintf) refers to printfa.o(i._snputc) for _snputc
    printfa.o(i.__0sprintf) refers (Special) to iusefp.o(.text) for __I$use$fp
    printfa.o(i.__0sprintf) refers to printfa.o(i._printf_core) for _printf_core
    printfa.o(i.__0sprintf) refers to printfa.o(i._sputc) for _sputc
    printfa.o(i.__0vfprintf) refers (Special) to iusefp.o(.text) for __I$use$fp
    printfa.o(i.__0vfprintf) refers to printfa.o(i._printf_core) for _printf_core
    printfa.o(i.__0vfprintf) refers to fputc.o(i.fputc) for fputc
    printfa.o(i.__0vprintf) refers (Special) to iusefp.o(.text) for __I$use$fp
    printfa.o(i.__0vprintf) refers to printfa.o(i._printf_core) for _printf_core
    printfa.o(i.__0vprintf) refers to fputc.o(i.fputc) for fputc
    printfa.o(i.__0vprintf) refers to stdout.o(.data) for __stdout
    printfa.o(i.__0vsnprintf) refers (Special) to iusefp.o(.text) for __I$use$fp
    printfa.o(i.__0vsnprintf) refers to printfa.o(i._printf_core) for _printf_core
    printfa.o(i.__0vsnprintf) refers to printfa.o(i._snputc) for _snputc
    printfa.o(i.__0vsprintf) refers (Special) to iusefp.o(.text) for __I$use$fp
    printfa.o(i.__0vsprintf) refers to printfa.o(i._printf_core) for _printf_core
    printfa.o(i.__0vsprintf) refers to printfa.o(i._sputc) for _sputc
    printfa.o(i._fp_digits) refers (Special) to iusefp.o(.text) for __I$use$fp
    printfa.o(i._fp_digits) refers to dmul.o(.text) for __aeabi_dmul
    printfa.o(i._fp_digits) refers to ddiv.o(.text) for __aeabi_ddiv
    printfa.o(i._fp_digits) refers to cdrcmple.o(.text) for __aeabi_cdrcmple
    printfa.o(i._fp_digits) refers to dadd.o(.text) for __aeabi_dadd
    printfa.o(i._fp_digits) refers to dfixul.o(.text) for __aeabi_d2ulz
    printfa.o(i._fp_digits) refers to uldiv.o(.text) for __aeabi_uldivmod
    printfa.o(i._printf_core) refers (Special) to iusefp.o(.text) for __I$use$fp
    printfa.o(i._printf_core) refers to printfa.o(i._printf_pre_padding) for _printf_pre_padding
    printfa.o(i._printf_core) refers to uldiv.o(.text) for __aeabi_uldivmod
    printfa.o(i._printf_core) refers to printfa.o(i._printf_post_padding) for _printf_post_padding
    printfa.o(i._printf_core) refers to printfa.o(i._fp_digits) for _fp_digits
    printfa.o(i._printf_core) refers to uidiv.o(.text) for __aeabi_uidivmod
    printfa.o(i._printf_post_padding) refers (Special) to iusefp.o(.text) for __I$use$fp
    printfa.o(i._printf_pre_padding) refers (Special) to iusefp.o(.text) for __I$use$fp
    printfa.o(i._snputc) refers (Special) to iusefp.o(.text) for __I$use$fp
    printfa.o(i._sputc) refers (Special) to iusefp.o(.text) for __I$use$fp
    dadd.o(.text) refers (Special) to iusefp.o(.text) for __I$use$fp
    dadd.o(.text) refers to llshl.o(.text) for __aeabi_llsl
    dadd.o(.text) refers to llsshr.o(.text) for __aeabi_lasr
    dadd.o(.text) refers to depilogue.o(.text) for _double_epilogue
    dmul.o(.text) refers (Special) to iusefp.o(.text) for __I$use$fp
    dmul.o(.text) refers to depilogue.o(.text) for _double_epilogue
    dfixi.o(.text) refers (Special) to iusefp.o(.text) for __I$use$fp
    dfixi.o(.text) refers to llushr.o(.text) for __aeabi_llsr
    f2d.o(.text) refers (Special) to iusefp.o(.text) for __I$use$fp
    d2f.o(.text) refers (Special) to iusefp.o(.text) for __I$use$fp
    d2f.o(.text) refers to fepilogue.o(.text) for _float_round
    dunder.o(i.__mathlib_dbl_divzero) refers to ddiv.o(.text) for __aeabi_ddiv
    dunder.o(i.__mathlib_dbl_infnan) refers to dadd.o(.text) for __aeabi_dadd
    dunder.o(i.__mathlib_dbl_infnan2) refers to dadd.o(.text) for __aeabi_dadd
    dunder.o(i.__mathlib_dbl_invalid) refers to ddiv.o(.text) for __aeabi_ddiv
    dunder.o(i.__mathlib_dbl_overflow) refers to dmul.o(.text) for __aeabi_dmul
    dunder.o(i.__mathlib_dbl_posinfnan) refers to dmul.o(.text) for __aeabi_dmul
    dunder.o(i.__mathlib_dbl_underflow) refers to dmul.o(.text) for __aeabi_dmul
    log.o(i.__hardfp_log) refers (Special) to iusefp.o(.text) for __I$use$fp
    log.o(i.__hardfp_log) refers to dunder.o(i.__mathlib_dbl_infnan) for __mathlib_dbl_infnan
    log.o(i.__hardfp_log) refers to errno.o(i.__set_errno) for __set_errno
    log.o(i.__hardfp_log) refers to dunder.o(i.__mathlib_dbl_invalid) for __mathlib_dbl_invalid
    log.o(i.__hardfp_log) refers to dunder.o(i.__mathlib_dbl_divzero) for __mathlib_dbl_divzero
    log.o(i.__hardfp_log) refers to dmul.o(.text) for __aeabi_dmul
    log.o(i.__hardfp_log) refers to dadd.o(.text) for __aeabi_dsub
    log.o(i.__hardfp_log) refers to cdcmple.o(.text) for __aeabi_cdcmpeq
    log.o(i.__hardfp_log) refers to dflti.o(.text) for __aeabi_i2d
    log.o(i.__hardfp_log) refers to ddiv.o(.text) for __aeabi_ddiv
    log.o(i.__hardfp_log) refers to poly.o(i.__kernel_poly) for __kernel_poly
    log.o(i.__hardfp_log) refers to qnan.o(.constdata) for __mathlib_zero
    log.o(i.__hardfp_log) refers to log.o(.constdata) for .constdata
    log.o(i.__softfp_log) refers (Special) to iusefp.o(.text) for __I$use$fp
    log.o(i.__softfp_log) refers to log.o(i.__hardfp_log) for __hardfp_log
    log.o(i.log) refers (Special) to iusefp.o(.text) for __I$use$fp
    log.o(i.log) refers to log.o(i.__hardfp_log) for __hardfp_log
    log.o(.constdata) refers (Special) to iusefp.o(.text) for __I$use$fp
    entry2.o(.ARM.Collect$$$$00000001) refers to entry2.o(.ARM.Collect$$$$00002712) for __lit__00000000
    entry2.o(.ARM.Collect$$$$00002712) refers to startup_stm32f746xx.o(STACK) for __initial_sp
    entry2.o(__vectab_stack_and_reset_area) refers to startup_stm32f746xx.o(STACK) for __initial_sp
    entry2.o(__vectab_stack_and_reset_area) refers to entry.o(.ARM.Collect$$$$00000000) for __main
    entry5.o(.ARM.Collect$$$$00000004) refers to init.o(.text) for __scatterload
    entry9a.o(.ARM.Collect$$$$0000000B) refers to main.o(.text.main) for main
    entry9b.o(.ARM.Collect$$$$0000000C) refers to main.o(.text.main) for main
    fputc.o(i.fputc) refers (Special) to iusesemip.o(.text) for __I$use$semihosting$fputc
    fputc.o(i.fputc) refers (Special) to semi.o(.text) for __semihosting_library_function
    fputc_h.o(i._fputc$hlt) refers (Special) to iusesemip.o(.text) for __I$use$semihosting$fputc
    fputc_h.o(i._fputc$hlt) refers (Special) to semi.o(.text) for __semihosting_library_function
    errno.o(i.__aeabi_errno_addr) refers to errno.o(.data) for .data
    errno.o(i.__read_errno) refers to errno.o(.data) for .data
    errno.o(i.__set_errno) refers to errno.o(.data) for .data
    fepilogue.o(.text) refers (Special) to iusefp.o(.text) for __I$use$fp
    depilogue.o(.text) refers (Special) to iusefp.o(.text) for __I$use$fp
    depilogue.o(.text) refers to llshl.o(.text) for __aeabi_llsl
    depilogue.o(.text) refers to llushr.o(.text) for __aeabi_llsr
    ddiv.o(.text) refers (Special) to iusefp.o(.text) for __I$use$fp
    ddiv.o(.text) refers to depilogue.o(.text) for _double_round
    dneg.o(.text) refers (Special) to iusefp.o(.text) for __I$use$fp
    dflti.o(.text) refers (Special) to iusefp.o(.text) for __I$use$fp
    dflti.o(.text) refers to depilogue.o(.text) for _double_epilogue
    dfixul.o(.text) refers (Special) to iusefp.o(.text) for __I$use$fp
    dfixul.o(.text) refers to llushr.o(.text) for __aeabi_llsr
    dfixul.o(.text) refers to llshl.o(.text) for __aeabi_llsl
    cdrcmple.o(.text) refers (Special) to iusefp.o(.text) for __I$use$fp
    poly.o(i.__kernel_poly) refers (Special) to iusefp.o(.text) for __I$use$fp
    poly.o(i.__kernel_poly) refers to dmul.o(.text) for __aeabi_dmul
    poly.o(i.__kernel_poly) refers to dadd.o(.text) for __aeabi_dadd
    qnan.o(.constdata) refers (Special) to iusefp.o(.text) for __I$use$fp
    init.o(.text) refers to entry5.o(.ARM.Collect$$$$00000004) for __main_after_scatterload
    cdcmple.o(.text) refers (Special) to iusefp.o(.text) for __I$use$fp

